../Drivers/SSD1306_oled/ssd1306_ssd1315.c:92:6:oled_WriteCommand	32	static
../Drivers/SSD1306_oled/ssd1306_ssd1315.c:111:6:oled_WriteData	32	static
../Drivers/SSD1306_oled/ssd1306_ssd1315.c:134:6:oled_DrawPixel	16	static
../Drivers/SSD1306_oled/ssd1306_ssd1315.c:156:6:oled_Fill	16	static
../Drivers/SSD1306_oled/ssd1306_ssd1315.c:165:6:oled_UpdateScreen	8	static
../Drivers/SSD1306_oled/ssd1306_ssd1315.c:177:6:oled_SetDisplayOn	16	static
../Drivers/SSD1306_oled/ssd1306_ssd1315.c:195:6:oled_SetContrast	16	static
../Drivers/SSD1306_oled/ssd1306_ssd1315.c:208:6:oled_init	16	static
../Drivers/SSD1306_oled/ssd1306_ssd1315.c:314:6:oled_drawBMP	40	static
../Drivers/SSD1306_oled/ssd1306_ssd1315.c:475:6:oled_clearGlyphRegion	32	static
../Drivers/SSD1306_oled/ssd1306_ssd1315.c:558:6:oled_RenderGlyph	32	static
../Drivers/SSD1306_oled/ssd1306_ssd1315.c:582:6:oled_ClearGlyph	16	static
