Archive member included to satisfy reference by file (symbol)

C:/ST/STM32CubeIDE_1.18.1/STM32CubeIDE/plugins/com.st.stm32cube.ide.mcu.externaltools.gnu-tools-for-stm32.13.3.rel1.win32_1.0.0.202411081344/tools/bin/../lib/gcc/arm-none-eabi/13.3.1/../../../../arm-none-eabi/lib/thumb/v7e-m+fp/hard\libc_nano.a(libc_a-exit.o)
                              C:/ST/STM32CubeIDE_1.18.1/STM32CubeIDE/plugins/com.st.stm32cube.ide.mcu.externaltools.gnu-tools-for-stm32.13.3.rel1.win32_1.0.0.202411081344/tools/bin/../lib/gcc/arm-none-eabi/13.3.1/../../../../arm-none-eabi/lib/thumb/v7e-m+fp/hard/crt0.o (exit)
C:/ST/STM32CubeIDE_1.18.1/STM32CubeIDE/plugins/com.st.stm32cube.ide.mcu.externaltools.gnu-tools-for-stm32.13.3.rel1.win32_1.0.0.202411081344/tools/bin/../lib/gcc/arm-none-eabi/13.3.1/../../../../arm-none-eabi/lib/thumb/v7e-m+fp/hard\libc_nano.a(libc_a-findfp.o)
                              C:/ST/STM32CubeIDE_1.18.1/STM32CubeIDE/plugins/com.st.stm32cube.ide.mcu.externaltools.gnu-tools-for-stm32.13.3.rel1.win32_1.0.0.202411081344/tools/bin/../lib/gcc/arm-none-eabi/13.3.1/../../../../arm-none-eabi/lib/thumb/v7e-m+fp/hard\libc_nano.a(libc_a-exit.o) (__stdio_exit_handler)
C:/ST/STM32CubeIDE_1.18.1/STM32CubeIDE/plugins/com.st.stm32cube.ide.mcu.externaltools.gnu-tools-for-stm32.13.3.rel1.win32_1.0.0.202411081344/tools/bin/../lib/gcc/arm-none-eabi/13.3.1/../../../../arm-none-eabi/lib/thumb/v7e-m+fp/hard\libc_nano.a(libc_a-fwalk.o)
                              C:/ST/STM32CubeIDE_1.18.1/STM32CubeIDE/plugins/com.st.stm32cube.ide.mcu.externaltools.gnu-tools-for-stm32.13.3.rel1.win32_1.0.0.202411081344/tools/bin/../lib/gcc/arm-none-eabi/13.3.1/../../../../arm-none-eabi/lib/thumb/v7e-m+fp/hard\libc_nano.a(libc_a-findfp.o) (_fwalk_sglue)
C:/ST/STM32CubeIDE_1.18.1/STM32CubeIDE/plugins/com.st.stm32cube.ide.mcu.externaltools.gnu-tools-for-stm32.13.3.rel1.win32_1.0.0.202411081344/tools/bin/../lib/gcc/arm-none-eabi/13.3.1/../../../../arm-none-eabi/lib/thumb/v7e-m+fp/hard\libc_nano.a(libc_a-stdio.o)
                              C:/ST/STM32CubeIDE_1.18.1/STM32CubeIDE/plugins/com.st.stm32cube.ide.mcu.externaltools.gnu-tools-for-stm32.13.3.rel1.win32_1.0.0.202411081344/tools/bin/../lib/gcc/arm-none-eabi/13.3.1/../../../../arm-none-eabi/lib/thumb/v7e-m+fp/hard\libc_nano.a(libc_a-findfp.o) (__sread)
C:/ST/STM32CubeIDE_1.18.1/STM32CubeIDE/plugins/com.st.stm32cube.ide.mcu.externaltools.gnu-tools-for-stm32.13.3.rel1.win32_1.0.0.202411081344/tools/bin/../lib/gcc/arm-none-eabi/13.3.1/../../../../arm-none-eabi/lib/thumb/v7e-m+fp/hard\libc_nano.a(libc_a-memset.o)
                              C:/ST/STM32CubeIDE_1.18.1/STM32CubeIDE/plugins/com.st.stm32cube.ide.mcu.externaltools.gnu-tools-for-stm32.13.3.rel1.win32_1.0.0.202411081344/tools/bin/../lib/gcc/arm-none-eabi/13.3.1/../../../../arm-none-eabi/lib/thumb/v7e-m+fp/hard/crt0.o (memset)
C:/ST/STM32CubeIDE_1.18.1/STM32CubeIDE/plugins/com.st.stm32cube.ide.mcu.externaltools.gnu-tools-for-stm32.13.3.rel1.win32_1.0.0.202411081344/tools/bin/../lib/gcc/arm-none-eabi/13.3.1/../../../../arm-none-eabi/lib/thumb/v7e-m+fp/hard\libc_nano.a(libc_a-closer.o)
                              C:/ST/STM32CubeIDE_1.18.1/STM32CubeIDE/plugins/com.st.stm32cube.ide.mcu.externaltools.gnu-tools-for-stm32.13.3.rel1.win32_1.0.0.202411081344/tools/bin/../lib/gcc/arm-none-eabi/13.3.1/../../../../arm-none-eabi/lib/thumb/v7e-m+fp/hard\libc_nano.a(libc_a-stdio.o) (_close_r)
C:/ST/STM32CubeIDE_1.18.1/STM32CubeIDE/plugins/com.st.stm32cube.ide.mcu.externaltools.gnu-tools-for-stm32.13.3.rel1.win32_1.0.0.202411081344/tools/bin/../lib/gcc/arm-none-eabi/13.3.1/../../../../arm-none-eabi/lib/thumb/v7e-m+fp/hard\libc_nano.a(libc_a-reent.o)
                              C:/ST/STM32CubeIDE_1.18.1/STM32CubeIDE/plugins/com.st.stm32cube.ide.mcu.externaltools.gnu-tools-for-stm32.13.3.rel1.win32_1.0.0.202411081344/tools/bin/../lib/gcc/arm-none-eabi/13.3.1/../../../../arm-none-eabi/lib/thumb/v7e-m+fp/hard\libc_nano.a(libc_a-closer.o) (errno)
C:/ST/STM32CubeIDE_1.18.1/STM32CubeIDE/plugins/com.st.stm32cube.ide.mcu.externaltools.gnu-tools-for-stm32.13.3.rel1.win32_1.0.0.202411081344/tools/bin/../lib/gcc/arm-none-eabi/13.3.1/../../../../arm-none-eabi/lib/thumb/v7e-m+fp/hard\libc_nano.a(libc_a-impure.o)
                              C:/ST/STM32CubeIDE_1.18.1/STM32CubeIDE/plugins/com.st.stm32cube.ide.mcu.externaltools.gnu-tools-for-stm32.13.3.rel1.win32_1.0.0.202411081344/tools/bin/../lib/gcc/arm-none-eabi/13.3.1/../../../../arm-none-eabi/lib/thumb/v7e-m+fp/hard\libc_nano.a(libc_a-reent.o) (_impure_ptr)
C:/ST/STM32CubeIDE_1.18.1/STM32CubeIDE/plugins/com.st.stm32cube.ide.mcu.externaltools.gnu-tools-for-stm32.13.3.rel1.win32_1.0.0.202411081344/tools/bin/../lib/gcc/arm-none-eabi/13.3.1/../../../../arm-none-eabi/lib/thumb/v7e-m+fp/hard\libc_nano.a(libc_a-lseekr.o)
[...]
Memory Configuration

Name             Origin             Length             Attributes
FLASH            0x08000000         0x00080000         xr
RAM              0x20000008         0x0002fff8         xrw
RAM_SHARED       0x20030000         0x00002800         xrw
*default*        0x00000000         0xffffffff

Linker script and memory map

LOAD C:/ST/STM32CubeIDE_1.18.1/STM32CubeIDE/plugins/com.st.stm32cube.ide.mcu.externaltools.gnu-tools-for-stm32.13.3.rel1.win32_1.0.0.202411081344/tools/bin/../lib/gcc/arm-none-eabi/13.3.1/thumb/v7e-m+fp/hard/crti.o
LOAD C:/ST/STM32CubeIDE_1.18.1/STM32CubeIDE/plugins/com.st.stm32cube.ide.mcu.externaltools.gnu-tools-for-stm32.13.3.rel1.win32_1.0.0.202411081344/tools/bin/../lib/gcc/arm-none-eabi/13.3.1/thumb/v7e-m+fp/hard/crtbegin.o
LOAD C:/ST/STM32CubeIDE_1.18.1/STM32CubeIDE/plugins/com.st.stm32cube.ide.mcu.externaltools.gnu-tools-for-stm32.13.3.rel1.win32_1.0.0.202411081344/tools/bin/../lib/gcc/arm-none-eabi/13.3.1/../../../../arm-none-eabi/lib/thumb/v7e-m+fp/hard/crt0.o
LOAD ./Core/Src/main.o
LOAD ./Core/Src/stm32wbxx_hal_msp.o
LOAD ./Core/Src/stm32wbxx_it.o
LOAD ./Core/Src/syscalls.o
LOAD ./Core/Src/sysmem.o
LOAD ./Core/Src/system_stm32wbxx.o
LOAD ./Core/Startup/startup_stm32wb5mmghx.o
LOAD ./Drivers/MCP2515_Driver/mcp2515_driver.o
LOAD ./Drivers/STM32WBxx_HAL_Driver/Src/stm32wbxx_hal.o
LOAD ./Drivers/STM32WBxx_HAL_Driver/Src/stm32wbxx_hal_cortex.o
LOAD ./Drivers/STM32WBxx_HAL_Driver/Src/stm32wbxx_hal_dma.o
LOAD ./Drivers/STM32WBxx_HAL_Driver/Src/stm32wbxx_hal_dma_ex.o
LOAD ./Drivers/STM32WBxx_HAL_Driver/Src/stm32wbxx_hal_exti.o
LOAD ./Drivers/STM32WBxx_HAL_Driver/Src/stm32wbxx_hal_flash.o
LOAD ./Drivers/STM32WBxx_HAL_Driver/Src/stm32wbxx_hal_flash_ex.o
LOAD ./Drivers/STM32WBxx_HAL_Driver/Src/stm32wbxx_hal_gpio.o
LOAD ./Drivers/STM32WBxx_HAL_Driver/Src/stm32wbxx_hal_hsem.o
LOAD ./Drivers/STM32WBxx_HAL_Driver/Src/stm32wbxx_hal_ipcc.o
LOAD ./Drivers/STM32WBxx_HAL_Driver/Src/stm32wbxx_hal_pwr.o
LOAD ./Drivers/STM32WBxx_HAL_Driver/Src/stm32wbxx_hal_pwr_ex.o
LOAD ./Drivers/STM32WBxx_HAL_Driver/Src/stm32wbxx_hal_rcc.o
LOAD ./Drivers/STM32WBxx_HAL_Driver/Src/stm32wbxx_hal_rcc_ex.o
LOAD ./Drivers/STM32WBxx_HAL_Driver/Src/stm32wbxx_hal_rtc.o
LOAD ./Drivers/STM32WBxx_HAL_Driver/Src/stm32wbxx_hal_rtc_ex.o
LOAD ./Drivers/STM32WBxx_HAL_Driver/Src/stm32wbxx_hal_spi.o
LOAD ./Drivers/STM32WBxx_HAL_Driver/Src/stm32wbxx_hal_spi_ex.o
LOAD ./Drivers/STM32WBxx_HAL_Driver/Src/stm32wbxx_ll_rcc.o
START GROUP
LOAD C:/ST/STM32CubeIDE_1.18.1/STM32CubeIDE/plugins/com.st.stm32cube.ide.mcu.externaltools.gnu-tools-for-stm32.13.3.rel1.win32_1.0.0.202411081344/tools/bin/../lib/gcc/arm-none-eabi/13.3.1/../../../../arm-none-eabi/lib/thumb/v7e-m+fp/hard\libc_nano.a
LOAD C:/ST/STM32CubeIDE_1.18.1/STM32CubeIDE/plugins/com.st.stm32cube.ide.mcu.externaltools.gnu-tools-for-stm32.13.3.rel1.win32_1.0.0.202411081344/tools/bin/../lib/gcc/arm-none-eabi/13.3.1/../../../../arm-none-eabi/lib/thumb/v7e-m+fp/hard\libm.a
END GROUP
START GROUP
LOAD C:/ST/STM32CubeIDE_1.18.1/STM32CubeIDE/plugins/com.st.stm32cube.ide.mcu.externaltools.gnu-tools-for-stm32.13.3.rel1.win32_1.0.0.202411081344/tools/bin/../lib/gcc/arm-none-eabi/13.3.1/thumb/v7e-m+fp/hard\libgcc.a
LOAD C:/ST/STM32CubeIDE_1.18.1/STM32CubeIDE/plugins/com.st.stm32cube.ide.mcu.externaltools.gnu-tools-for-stm32.13.3.rel1.win32_1.0.0.202411081344/tools/bin/../lib/gcc/arm-none-eabi/13.3.1/../../../../arm-none-eabi/lib/thumb/v7e-m+fp/hard\libc_nano.a
END GROUP
START GROUP
LOAD C:/ST/STM32CubeIDE_1.18.1/STM32CubeIDE/plugins/com.st.stm32cube.ide.mcu.externaltools.gnu-tools-for-stm32.13.3.rel1.win32_1.0.0.202411081344/tools/bin/../lib/gcc/arm-none-eabi/13.3.1/thumb/v7e-m+fp/hard\libgcc.a
LOAD C:/ST/STM32CubeIDE_1.18.1/STM32CubeIDE/plugins/com.st.stm32cube.ide.mcu.externaltools.gnu-tools-for-stm32.13.3.rel1.win32_1.0.0.202411081344/tools/bin/../lib/gcc/arm-none-eabi/13.3.1/../../../../arm-none-eabi/lib/thumb/v7e-m+fp/hard\libc_nano.a
LOAD C:/ST/STM32CubeIDE_1.18.1/STM32CubeIDE/plugins/com.st.stm32cube.ide.mcu.externaltools.gnu-tools-for-stm32.13.3.rel1.win32_1.0.0.202411081344/tools/bin/../lib/gcc/arm-none-eabi/13.3.1/../../../../arm-none-eabi/lib/thumb/v7e-m+fp/hard\libnosys.a
END GROUP
START GROUP
LOAD C:/ST/STM32CubeIDE_1.18.1/STM32CubeIDE/plugins/com.st.stm32cube.ide.mcu.externaltools.gnu-tools-for-stm32.13.3.rel1.win32_1.0.0.202411081344/tools/bin/../lib/gcc/arm-none-eabi/13.3.1/thumb/v7e-m+fp/hard\libgcc.a
LOAD C:/ST/STM32CubeIDE_1.18.1/STM32CubeIDE/plugins/com.st.stm32cube.ide.mcu.externaltools.gnu-tools-for-stm32.13.3.rel1.win32_1.0.0.202411081344/tools/bin/../lib/gcc/arm-none-eabi/13.3.1/../../../../arm-none-eabi/lib/thumb/v7e-m+fp/hard\libc_nano.a
LOAD C:/ST/STM32CubeIDE_1.18.1/STM32CubeIDE/plugins/com.st.stm32cube.ide.mcu.externaltools.gnu-tools-for-stm32.13.3.rel1.win32_1.0.0.202411081344/tools/bin/../lib/gcc/arm-none-eabi/13.3.1/../../../../arm-none-eabi/lib/thumb/v7e-m+fp/hard\libnosys.a
END GROUP
LOAD C:/ST/STM32CubeIDE_1.18.1/STM32CubeIDE/plugins/com.st.stm32cube.ide.mcu.externaltools.gnu-tools-for-stm32.13.3.rel1.win32_1.0.0.202411081344/tools/bin/../lib/gcc/arm-none-eabi/13.3.1/thumb/v7e-m+fp/hard/crtend.o
LOAD C:/ST/STM32CubeIDE_1.18.1/STM32CubeIDE/plugins/com.st.stm32cube.ide.mcu.externaltools.gnu-tools-for-stm32.13.3.rel1.win32_1.0.0.202411081344/tools/bin/../lib/gcc/arm-none-eabi/13.3.1/thumb/v7e-m+fp/hard/crtn.o
                0x20030000                        _estack = (ORIGIN (RAM) + LENGTH (RAM))
                0x00000200                        _Min_Heap_Size = 0x200
                0x00000400                        _Min_Stack_Size = 0x400

.isr_vector     0x08000000      0x13c
                0x08000000                        . = ALIGN (0x4)
 *(.isr_vector)
 .isr_vector    0x08000000      0x13c ./Core/Startup/startup_stm32wb5mmghx.o
                0x08000000                g_pfnVectors
                0x0800013c                        . = ALIGN (0x4)

.text           0x0800013c     0x44f4
                0x0800013c                        . = ALIGN (0x4)
 *(.text)
 .text          0x0800013c       0x40 C:/ST/STM32CubeIDE_1.18.1/STM32CubeIDE/plugins/com.st.stm32cube.ide.mcu.externaltools.gnu-tools-for-stm32.13.3.rel1.win32_1.0.0.202411081344/tools/bin/../lib/gcc/arm-none-eabi/13.3.1/thumb/v7e-m+fp/hard/crtbegin.o
 *(.text*)
 .text.LL_AHB1_GRP1_EnableClock
                0x0800017c       0x32 ./Core/Src/main.o
 .text.LL_AHB2_GRP1_EnableClock
                0x080001ae       0x32 ./Core/Src/main.o
 .text.main     0x080001e0       0x40 ./Core/Src/main.o
                0x080001e0                main
 .text.SystemClock_Config
                0x08000220       0xcc ./Core/Src/main.o
                0x08000220                SystemClock_Config
 .text.PeriphCommonClock_Config
                0x080002ec       0x3a ./Core/Src/main.o
                0x080002ec                PeriphCommonClock_Config
 *fill*         0x08000326        0x2 
 .text.MX_IPCC_Init
                0x08000328       0x28 ./Core/Src/main.o
 .text.MX_RTC_Init
                0x08000350       0x64 ./Core/Src/main.o
 .text.MX_SPI1_Init
                0x080003b4       0x7c ./Core/Src/main.o
 .text.MX_DMA_Init
                0x08000430       0x44 ./Core/Src/main.o
 .text.MX_GPIO_Init
                0x08000474       0x7c ./Core/Src/main.o
 .text.MCP2515_Init2
                0x080004f0       0x94 ./Core/Src/main.o
 .text.Error_Handler
                0x08000584        0xc ./Core/Src/main.o
                0x08000584                Error_Handler
 .text.LL_RCC_EnableRTC
                0x08000590       0x22 ./Core/Src/stm32wbxx_hal_msp.o
 .text.LL_AHB2_GRP1_EnableClock
                0x080005b2       0x32 ./Core/Src/stm32wbxx_hal_msp.o
 .text.LL_AHB3_GRP1_EnableClock
                0x080005e4       0x32 ./Core/Src/stm32wbxx_hal_msp.o
 .text.LL_APB1_GRP1_EnableClock
                0x08000616       0x32 ./Core/Src/stm32wbxx_hal_msp.o
 .text.LL_APB2_GRP1_EnableClock
                0x08000648       0x32 ./Core/Src/stm32wbxx_hal_msp.o
 .text.HAL_MspInit
                0x0800067a       0x20 ./Core/Src/stm32wbxx_hal_msp.o
                0x0800067a                HAL_MspInit
 *fill*         0x0800069a        0x2 
 .text.HAL_IPCC_MspInit
                0x0800069c       0x28 ./Core/Src/stm32wbxx_hal_msp.o
                0x0800069c                HAL_IPCC_MspInit
 .text.HAL_RTC_MspInit
                0x080006c4       0x5c ./Core/Src/stm32wbxx_hal_msp.o
                0x080006c4                HAL_RTC_MspInit
 .text.HAL_SPI_MspInit
                0x08000720      0x118 ./Core/Src/stm32wbxx_hal_msp.o
                0x08000720                HAL_SPI_MspInit
 .text.NMI_Handler
                0x08000838        0x8 ./Core/Src/stm32wbxx_it.o
                0x08000838                NMI_Handler
 .text.HardFault_Handler
                0x08000840        0x8 ./Core/Src/stm32wbxx_it.o
                0x08000840                HardFault_Handler
 .text.MemManage_Handler
                0x08000848        0x8 ./Core/Src/stm32wbxx_it.o
                0x08000848                MemManage_Handler
 .text.BusFault_Handler
                0x08000850        0x8 ./Core/Src/stm32wbxx_it.o
                0x08000850                BusFault_Handler
 .text.UsageFault_Handler
                0x08000858        0x8 ./Core/Src/stm32wbxx_it.o
                0x08000858                UsageFault_Handler
 .text.SVC_Handler
                0x08000860        0xe ./Core/Src/stm32wbxx_it.o
                0x08000860                SVC_Handler
 .text.DebugMon_Handler
                0x0800086e        0xe ./Core/Src/stm32wbxx_it.o
                0x0800086e                DebugMon_Handler
 .text.PendSV_Handler
                0x0800087c        0xe ./Core/Src/stm32wbxx_it.o
                0x0800087c                PendSV_Handler
 .text.SysTick_Handler
                0x0800088a        0xc ./Core/Src/stm32wbxx_it.o
                0x0800088a                SysTick_Handler
 *fill*         0x08000896        0x2 
 .text.DMA1_Channel1_IRQHandler
                0x08000898       0x14 ./Core/Src/stm32wbxx_it.o
                0x08000898                DMA1_Channel1_IRQHandler
 .text.DMA1_Channel2_IRQHandler
                0x080008ac       0x14 ./Core/Src/stm32wbxx_it.o
                0x080008ac                DMA1_Channel2_IRQHandler
 .text.HSEM_IRQHandler
                0x080008c0        0xc ./Core/Src/stm32wbxx_it.o
                0x080008c0                HSEM_IRQHandler
 .text.DMAMUX1_OVR_IRQHandler
                0x080008cc        0xe ./Core/Src/stm32wbxx_it.o
                0x080008cc                DMAMUX1_OVR_IRQHandler
 *fill*         0x080008da        0x2 
 .text.SystemInit
                0x080008dc       0xa4 ./Core/Src/system_stm32wbxx.o
                0x080008dc                SystemInit
 .text.data_initializers
                0x08000980       0x18 ./Core/Startup/startup_stm32wb5mmghx.o
 .text.Reset_Handler
                0x08000998       0x58 ./Core/Startup/startup_stm32wb5mmghx.o
                0x08000998                Reset_Handler
 .text.Default_Handler
                0x080009f0        0x2 ./Core/Startup/startup_stm32wb5mmghx.o
                0x080009f0                RTC_Alarm_IRQHandler
                0x080009f0                EXTI2_IRQHandler
                0x080009f0                TIM1_CC_IRQHandler
                0x080009f0                TSC_IRQHandler
                0x080009f0                USB_HP_IRQHandler
                0x080009f0                EXTI3_IRQHandler
                0x080009f0                LPTIM2_IRQHandler
                0x080009f0                I2C3_ER_IRQHandler
                0x080009f0                FPU_IRQHandler
                0x080009f0                TIM1_UP_TIM16_IRQHandler
                0x080009f0                AES1_IRQHandler
                0x080009f0                SPI1_IRQHandler
                0x080009f0                PWR_SOTF_BLEACT_802ACT_RFPHASE_IRQHandler
                0x080009f0                DMA2_Channel2_IRQHandler
                0x080009f0                DMA1_Channel4_IRQHandler
                0x080009f0                ADC1_IRQHandler
                0x080009f0                PKA_IRQHandler
                0x080009f0                DMA1_Channel7_IRQHandler
                0x080009f0                LCD_IRQHandler
                0x080009f0                IPCC_C1_TX_IRQHandler
                0x080009f0                DMA2_Channel1_IRQHandler
                0x080009f0                QUADSPI_IRQHandler
                0x080009f0                I2C1_EV_IRQHandler
                0x080009f0                DMA1_Channel6_IRQHandler
                0x080009f0                DMA2_Channel4_IRQHandler
                0x080009f0                RCC_IRQHandler
                0x080009f0                Default_Handler
                0x080009f0                DMA2_Channel7_IRQHandler
                0x080009f0                EXTI15_10_IRQHandler
                0x080009f0                IPCC_C1_RX_IRQHandler
                0x080009f0                C2SEV_PWR_C2H_IRQHandler
                0x080009f0                AES2_IRQHandler
                0x080009f0                I2C3_EV_IRQHandler
                0x080009f0                EXTI9_5_IRQHandler
                0x080009f0                RTC_WKUP_IRQHandler
                0x080009f0                PVD_PVM_IRQHandler
                0x080009f0                SPI2_IRQHandler
                0x080009f0                DMA2_Channel5_IRQHandler
                0x080009f0                CRS_IRQHandler
                0x080009f0                DMA1_Channel5_IRQHandler
                0x080009f0                USB_LP_IRQHandler
                0x080009f0                EXTI4_IRQHandler
                0x080009f0                RNG_IRQHandler
                0x080009f0                TIM1_TRG_COM_TIM17_IRQHandler
                0x080009f0                TAMP_STAMP_LSECSS_IRQHandler
                0x080009f0                DMA1_Channel3_IRQHandler
                0x080009f0                COMP_IRQHandler
                0x080009f0                WWDG_IRQHandler
                0x080009f0                LPUART1_IRQHandler
                0x080009f0                DMA2_Channel6_IRQHandler
                0x080009f0                TIM2_IRQHandler
                0x080009f0                TIM1_BRK_IRQHandler
                0x080009f0                EXTI1_IRQHandler
                0x080009f0                FLASH_IRQHandler
                0x080009f0                USART1_IRQHandler
                0x080009f0                I2C1_ER_IRQHandler
                0x080009f0                LPTIM1_IRQHandler
                0x080009f0                SAI1_IRQHandler
                0x080009f0                DMA2_Channel3_IRQHandler
 *fill*         0x080009f2        0x2 
 .text.MCP2515_SPI_Transmit
                0x080009f4       0x40 ./Drivers/MCP2515_Driver/mcp2515_driver.o
 .text.MCP2515_SPI_TransmitReceive
                0x08000a34       0xac ./Drivers/MCP2515_Driver/mcp2515_driver.o
 .text.MCP2515_SPI_Reset
                0x08000ae0       0x1c ./Drivers/MCP2515_Driver/mcp2515_driver.o
                0x08000ae0                MCP2515_SPI_Reset
 .text.MCP2515_SPI_RequestToSend
                0x08000afc       0x1c ./Drivers/MCP2515_Driver/mcp2515_driver.o
                0x08000afc                MCP2515_SPI_RequestToSend
 .text.MCP2515_SPI_BitModify
                0x08000b18       0x36 ./Drivers/MCP2515_Driver/mcp2515_driver.o
                0x08000b18                MCP2515_SPI_BitModify
 .text.MCP2515_SPI_WriteRegister
                0x08000b4e       0x98 ./Drivers/MCP2515_Driver/mcp2515_driver.o
                0x08000b4e                MCP2515_SPI_WriteRegister
 .text.MCP2515_SPI_Read_SingleRegister
                0x08000be6       0x3c ./Drivers/MCP2515_Driver/mcp2515_driver.o
                0x08000be6                MCP2515_SPI_Read_SingleRegister
 *fill*         0x08000c22        0x2 
 .text.MCP2515_Init
                0x08000c24      0x168 ./Drivers/MCP2515_Driver/mcp2515_driver.o
                0x08000c24                MCP2515_Init
 .text.MCP2515_CAN_Transmit_Single_TxBuffer
                0x08000d8c      0x1a6 ./Drivers/MCP2515_Driver/mcp2515_driver.o
                0x08000d8c                MCP2515_CAN_Transmit_Single_TxBuffer
 *fill*         0x08000f32        0x2 
 .text.MCP2515_Filters_Init
                0x08000f34      0x138 ./Drivers/MCP2515_Driver/mcp2515_driver.o
 .text.EXTI0_IRQHandler
                0x0800106c        0xe ./Drivers/MCP2515_Driver/mcp2515_driver.o
                0x0800106c                EXTI0_IRQHandler
 *fill*         0x0800107a        0x2 
 .text.HAL_Init
                0x0800107c       0x40 ./Drivers/STM32WBxx_HAL_Driver/Src/stm32wbxx_hal.o
                0x0800107c                HAL_Init
 .text.HAL_InitTick
                0x080010bc       0x74 ./Drivers/STM32WBxx_HAL_Driver/Src/stm32wbxx_hal.o
                0x080010bc                HAL_InitTick
 .text.HAL_IncTick
                0x08001130       0x28 ./Drivers/STM32WBxx_HAL_Driver/Src/stm32wbxx_hal.o
                0x08001130                HAL_IncTick
 .text.HAL_GetTick
                0x08001158       0x18 ./Drivers/STM32WBxx_HAL_Driver/Src/stm32wbxx_hal.o
                0x08001158                HAL_GetTick
 .text.HAL_GetTickPrio
                0x08001170       0x18 ./Drivers/STM32WBxx_HAL_Driver/Src/stm32wbxx_hal.o
                0x08001170                HAL_GetTickPrio
 .text.HAL_Delay
                0x08001188       0x48 ./Drivers/STM32WBxx_HAL_Driver/Src/stm32wbxx_hal.o
                0x08001188                HAL_Delay
 .text.__NVIC_SetPriorityGrouping
                0x080011d0       0x48 ./Drivers/STM32WBxx_HAL_Driver/Src/stm32wbxx_hal_cortex.o
 .text.__NVIC_GetPriorityGrouping
                0x08001218       0x1c ./Drivers/STM32WBxx_HAL_Driver/Src/stm32wbxx_hal_cortex.o
 .text.__NVIC_EnableIRQ
                0x08001234       0x3c ./Drivers/STM32WBxx_HAL_Driver/Src/stm32wbxx_hal_cortex.o
 .text.__NVIC_SetPriority
                0x08001270       0x54 ./Drivers/STM32WBxx_HAL_Driver/Src/stm32wbxx_hal_cortex.o
 .text.NVIC_EncodePriority
                0x080012c4       0x66 ./Drivers/STM32WBxx_HAL_Driver/Src/stm32wbxx_hal_cortex.o
 *fill*         0x0800132a        0x2 
 .text.SysTick_Config
                0x0800132c       0x44 ./Drivers/STM32WBxx_HAL_Driver/Src/stm32wbxx_hal_cortex.o
 .text.HAL_NVIC_SetPriorityGrouping
                0x08001370       0x16 ./Drivers/STM32WBxx_HAL_Driver/Src/stm32wbxx_hal_cortex.o
                0x08001370                HAL_NVIC_SetPriorityGrouping
 .text.HAL_NVIC_SetPriority
                0x08001386       0x34 ./Drivers/STM32WBxx_HAL_Driver/Src/stm32wbxx_hal_cortex.o
                0x08001386                HAL_NVIC_SetPriority
 .text.HAL_NVIC_EnableIRQ
                0x080013ba       0x1c ./Drivers/STM32WBxx_HAL_Driver/Src/stm32wbxx_hal_cortex.o
                0x080013ba                HAL_NVIC_EnableIRQ
 .text.HAL_SYSTICK_Config
                0x080013d6       0x18 ./Drivers/STM32WBxx_HAL_Driver/Src/stm32wbxx_hal_cortex.o
                0x080013d6                HAL_SYSTICK_Config
 *fill*         0x080013ee        0x2 
 .text.HAL_DMA_Init
                0x080013f0      0x150 ./Drivers/STM32WBxx_HAL_Driver/Src/stm32wbxx_hal_dma.o
                0x080013f0                HAL_DMA_Init
 .text.HAL_DMA_IRQHandler
                0x08001540      0x15e ./Drivers/STM32WBxx_HAL_Driver/Src/stm32wbxx_hal_dma.o
                0x08001540                HAL_DMA_IRQHandler
 *fill*         0x0800169e        0x2 
 .text.DMA_CalcDMAMUXChannelBaseAndMask
                0x080016a0       0x7c ./Drivers/STM32WBxx_HAL_Driver/Src/stm32wbxx_hal_dma.o
 .text.DMA_CalcDMAMUXRequestGenBaseAndMask
                0x0800171c       0x4c ./Drivers/STM32WBxx_HAL_Driver/Src/stm32wbxx_hal_dma.o
 .text.HAL_GPIO_Init
                0x08001768      0x2e0 ./Drivers/STM32WBxx_HAL_Driver/Src/stm32wbxx_hal_gpio.o
                0x08001768                HAL_GPIO_Init
 .text.HAL_GPIO_WritePin
                0x08001a48       0x30 ./Drivers/STM32WBxx_HAL_Driver/Src/stm32wbxx_hal_gpio.o
                0x08001a48                HAL_GPIO_WritePin
 .text.HAL_GPIO_EXTI_IRQHandler
                0x08001a78       0x2c ./Drivers/STM32WBxx_HAL_Driver/Src/stm32wbxx_hal_gpio.o
                0x08001a78                HAL_GPIO_EXTI_IRQHandler
 .text.HAL_HSEM_IRQHandler
                0x08001aa4       0x34 ./Drivers/STM32WBxx_HAL_Driver/Src/stm32wbxx_hal_hsem.o
                0x08001aa4                HAL_HSEM_IRQHandler
 .text.HAL_HSEM_FreeCallback
                0x08001ad8       0x14 ./Drivers/STM32WBxx_HAL_Driver/Src/stm32wbxx_hal_hsem.o
                0x08001ad8                HAL_HSEM_FreeCallback
 .text.HAL_IPCC_Init
                0x08001aec       0x64 ./Drivers/STM32WBxx_HAL_Driver/Src/stm32wbxx_hal_ipcc.o
                0x08001aec                HAL_IPCC_Init
 .text.HAL_IPCC_RxCallback
                0x08001b50       0x1a ./Drivers/STM32WBxx_HAL_Driver/Src/stm32wbxx_hal_ipcc.o
                0x08001b50                HAL_IPCC_RxCallback
 .text.HAL_IPCC_TxCallback
                0x08001b6a       0x1a ./Drivers/STM32WBxx_HAL_Driver/Src/stm32wbxx_hal_ipcc.o
                0x08001b6a                HAL_IPCC_TxCallback
 .text.IPCC_SetDefaultCallbacks
                0x08001b84       0x4c ./Drivers/STM32WBxx_HAL_Driver/Src/stm32wbxx_hal_ipcc.o
                0x08001b84                IPCC_SetDefaultCallbacks
 .text.IPCC_Reset_Register
                0x08001bd0       0x28 ./Drivers/STM32WBxx_HAL_Driver/Src/stm32wbxx_hal_ipcc.o
                0x08001bd0                IPCC_Reset_Register
 .text.HAL_PWR_EnableBkUpAccess
                0x08001bf8       0x20 ./Drivers/STM32WBxx_HAL_Driver/Src/stm32wbxx_hal_pwr.o
                0x08001bf8                HAL_PWR_EnableBkUpAccess
 .text.HAL_PWREx_GetVoltageRange
                0x08001c18       0x1c ./Drivers/STM32WBxx_HAL_Driver/Src/stm32wbxx_hal_pwr_ex.o
                0x08001c18                HAL_PWREx_GetVoltageRange
 .text.LL_RCC_HSE_IsEnabledDiv2
                0x08001c34       0x24 ./Drivers/STM32WBxx_HAL_Driver/Src/stm32wbxx_hal_rcc.o
 .text.LL_RCC_HSE_Enable
                0x08001c58       0x1e ./Drivers/STM32WBxx_HAL_Driver/Src/stm32wbxx_hal_rcc.o
 .text.LL_RCC_HSE_Disable
                0x08001c76       0x1e ./Drivers/STM32WBxx_HAL_Driver/Src/stm32wbxx_hal_rcc.o
 .text.LL_RCC_HSE_IsReady
                0x08001c94       0x24 ./Drivers/STM32WBxx_HAL_Driver/Src/stm32wbxx_hal_rcc.o
 .text.LL_RCC_HSI_Enable
                0x08001cb8       0x1e ./Drivers/STM32WBxx_HAL_Driver/Src/stm32wbxx_hal_rcc.o
 .text.LL_RCC_HSI_Disable
                0x08001cd6       0x1e ./Drivers/STM32WBxx_HAL_Driver/Src/stm32wbxx_hal_rcc.o
 .text.LL_RCC_HSI_IsReady
                0x08001cf4       0x24 ./Drivers/STM32WBxx_HAL_Driver/Src/stm32wbxx_hal_rcc.o
 .text.LL_RCC_HSI_SetCalibTrimming
                0x08001d18       0x2a ./Drivers/STM32WBxx_HAL_Driver/Src/stm32wbxx_hal_rcc.o
 .text.LL_RCC_HSI48_Enable
                0x08001d42       0x22 ./Drivers/STM32WBxx_HAL_Driver/Src/stm32wbxx_hal_rcc.o
 .text.LL_RCC_HSI48_Disable
                0x08001d64       0x22 ./Drivers/STM32WBxx_HAL_Driver/Src/stm32wbxx_hal_rcc.o
 .text.LL_RCC_HSI48_IsReady
                0x08001d86       0x24 ./Drivers/STM32WBxx_HAL_Driver/Src/stm32wbxx_hal_rcc.o
 .text.LL_RCC_LSE_Enable
                0x08001daa       0x22 ./Drivers/STM32WBxx_HAL_Driver/Src/stm32wbxx_hal_rcc.o
 .text.LL_RCC_LSE_Disable
                0x08001dcc       0x22 ./Drivers/STM32WBxx_HAL_Driver/Src/stm32wbxx_hal_rcc.o
 .text.LL_RCC_LSE_EnableBypass
                0x08001dee       0x22 ./Drivers/STM32WBxx_HAL_Driver/Src/stm32wbxx_hal_rcc.o
 .text.LL_RCC_LSE_DisableBypass
                0x08001e10       0x22 ./Drivers/STM32WBxx_HAL_Driver/Src/stm32wbxx_hal_rcc.o
 .text.LL_RCC_LSE_IsReady
                0x08001e32       0x24 ./Drivers/STM32WBxx_HAL_Driver/Src/stm32wbxx_hal_rcc.o
 .text.LL_RCC_LSI1_Enable
                0x08001e56       0x22 ./Drivers/STM32WBxx_HAL_Driver/Src/stm32wbxx_hal_rcc.o
 .text.LL_RCC_LSI1_Disable
                0x08001e78       0x22 ./Drivers/STM32WBxx_HAL_Driver/Src/stm32wbxx_hal_rcc.o
 .text.LL_RCC_LSI1_IsReady
                0x08001e9a       0x24 ./Drivers/STM32WBxx_HAL_Driver/Src/stm32wbxx_hal_rcc.o
 .text.LL_RCC_LSI2_Enable
                0x08001ebe       0x22 ./Drivers/STM32WBxx_HAL_Driver/Src/stm32wbxx_hal_rcc.o
 .text.LL_RCC_LSI2_Disable
                0x08001ee0       0x22 ./Drivers/STM32WBxx_HAL_Driver/Src/stm32wbxx_hal_rcc.o
 .text.LL_RCC_LSI2_IsReady
                0x08001f02       0x24 ./Drivers/STM32WBxx_HAL_Driver/Src/stm32wbxx_hal_rcc.o
 .text.LL_RCC_LSI2_SetTrimming
                0x08001f26       0x2e ./Drivers/STM32WBxx_HAL_Driver/Src/stm32wbxx_hal_rcc.o
 .text.LL_RCC_MSI_Enable
                0x08001f54       0x1e ./Drivers/STM32WBxx_HAL_Driver/Src/stm32wbxx_hal_rcc.o
 .text.LL_RCC_MSI_Disable
                0x08001f72       0x1e ./Drivers/STM32WBxx_HAL_Driver/Src/stm32wbxx_hal_rcc.o
 .text.LL_RCC_MSI_IsReady
                0x08001f90       0x22 ./Drivers/STM32WBxx_HAL_Driver/Src/stm32wbxx_hal_rcc.o
 .text.LL_RCC_MSI_SetRange
                0x08001fb2       0x28 ./Drivers/STM32WBxx_HAL_Driver/Src/stm32wbxx_hal_rcc.o
 .text.LL_RCC_MSI_GetRange
                0x08001fda       0x2a ./Drivers/STM32WBxx_HAL_Driver/Src/stm32wbxx_hal_rcc.o
 .text.LL_RCC_MSI_SetCalibTrimming
                0x08002004       0x2a ./Drivers/STM32WBxx_HAL_Driver/Src/stm32wbxx_hal_rcc.o
 .text.LL_RCC_SetSysClkSource
                0x0800202e       0x28 ./Drivers/STM32WBxx_HAL_Driver/Src/stm32wbxx_hal_rcc.o
 .text.LL_RCC_GetSysClkSource
                0x08002056       0x18 ./Drivers/STM32WBxx_HAL_Driver/Src/stm32wbxx_hal_rcc.o
 .text.LL_RCC_SetAHBPrescaler
                0x0800206e       0x28 ./Drivers/STM32WBxx_HAL_Driver/Src/stm32wbxx_hal_rcc.o
 .text.LL_C2_RCC_SetAHBPrescaler
                0x08002096       0x2c ./Drivers/STM32WBxx_HAL_Driver/Src/stm32wbxx_hal_rcc.o
 .text.LL_RCC_SetAHB4Prescaler
                0x080020c2       0x2e ./Drivers/STM32WBxx_HAL_Driver/Src/stm32wbxx_hal_rcc.o
 .text.LL_RCC_SetAPB1Prescaler
                0x080020f0       0x28 ./Drivers/STM32WBxx_HAL_Driver/Src/stm32wbxx_hal_rcc.o
 .text.LL_RCC_SetAPB2Prescaler
                0x08002118       0x28 ./Drivers/STM32WBxx_HAL_Driver/Src/stm32wbxx_hal_rcc.o
 .text.LL_RCC_GetAHBPrescaler
                0x08002140       0x18 ./Drivers/STM32WBxx_HAL_Driver/Src/stm32wbxx_hal_rcc.o
 .text.LL_RCC_GetAHB4Prescaler
                0x08002158       0x1c ./Drivers/STM32WBxx_HAL_Driver/Src/stm32wbxx_hal_rcc.o
 .text.LL_RCC_PLL_Enable
                0x08002174       0x1e ./Drivers/STM32WBxx_HAL_Driver/Src/stm32wbxx_hal_rcc.o
 .text.LL_RCC_PLL_Disable
                0x08002192       0x1e ./Drivers/STM32WBxx_HAL_Driver/Src/stm32wbxx_hal_rcc.o
 .text.LL_RCC_PLL_IsReady
                0x080021b0       0x24 ./Drivers/STM32WBxx_HAL_Driver/Src/stm32wbxx_hal_rcc.o
 .text.LL_RCC_PLL_GetN
                0x080021d4       0x1a ./Drivers/STM32WBxx_HAL_Driver/Src/stm32wbxx_hal_rcc.o
 .text.LL_RCC_PLL_GetR
                0x080021ee       0x18 ./Drivers/STM32WBxx_HAL_Driver/Src/stm32wbxx_hal_rcc.o
 .text.LL_RCC_PLL_GetDivider
                0x08002206       0x18 ./Drivers/STM32WBxx_HAL_Driver/Src/stm32wbxx_hal_rcc.o
 .text.LL_RCC_PLL_GetMainSource
                0x0800221e       0x18 ./Drivers/STM32WBxx_HAL_Driver/Src/stm32wbxx_hal_rcc.o
 .text.LL_RCC_IsActiveFlag_HPRE
                0x08002236       0x24 ./Drivers/STM32WBxx_HAL_Driver/Src/stm32wbxx_hal_rcc.o
 .text.LL_RCC_IsActiveFlag_C2HPRE
                0x0800225a       0x26 ./Drivers/STM32WBxx_HAL_Driver/Src/stm32wbxx_hal_rcc.o
 .text.LL_RCC_IsActiveFlag_SHDHPRE
                0x08002280       0x26 ./Drivers/STM32WBxx_HAL_Driver/Src/stm32wbxx_hal_rcc.o
 .text.LL_RCC_IsActiveFlag_PPRE1
                0x080022a6       0x24 ./Drivers/STM32WBxx_HAL_Driver/Src/stm32wbxx_hal_rcc.o
 .text.LL_RCC_IsActiveFlag_PPRE2
                0x080022ca       0x24 ./Drivers/STM32WBxx_HAL_Driver/Src/stm32wbxx_hal_rcc.o
 *fill*         0x080022ee        0x2 
 .text.HAL_RCC_OscConfig
                0x080022f0      0x6e8 ./Drivers/STM32WBxx_HAL_Driver/Src/stm32wbxx_hal_rcc.o
                0x080022f0                HAL_RCC_OscConfig
 .text.HAL_RCC_ClockConfig
                0x080029d8      0x280 ./Drivers/STM32WBxx_HAL_Driver/Src/stm32wbxx_hal_rcc.o
                0x080029d8                HAL_RCC_ClockConfig
 .text.HAL_RCC_GetSysClockFreq
                0x08002c58       0xd8 ./Drivers/STM32WBxx_HAL_Driver/Src/stm32wbxx_hal_rcc.o
                0x08002c58                HAL_RCC_GetSysClockFreq
 .text.HAL_RCC_GetHCLKFreq
                0x08002d30       0x28 ./Drivers/STM32WBxx_HAL_Driver/Src/stm32wbxx_hal_rcc.o
                0x08002d30                HAL_RCC_GetHCLKFreq
 .text.RCC_SetFlashLatencyFromMSIRange
                0x08002d58       0x70 ./Drivers/STM32WBxx_HAL_Driver/Src/stm32wbxx_hal_rcc.o
 .text.RCC_SetFlashLatency
                0x08002dc8       0xf8 ./Drivers/STM32WBxx_HAL_Driver/Src/stm32wbxx_hal_rcc.o
 .text.LL_RCC_LSE_IsEnabled
                0x08002ec0       0x24 ./Drivers/STM32WBxx_HAL_Driver/Src/stm32wbxx_hal_rcc_ex.o
 .text.LL_RCC_LSE_IsReady
                0x08002ee4       0x24 ./Drivers/STM32WBxx_HAL_Driver/Src/stm32wbxx_hal_rcc_ex.o
 .text.LL_RCC_SetRFWKPClockSource
                0x08002f08       0x2c ./Drivers/STM32WBxx_HAL_Driver/Src/stm32wbxx_hal_rcc_ex.o
 .text.LL_RCC_SetSMPSClockSource
                0x08002f34       0x28 ./Drivers/STM32WBxx_HAL_Driver/Src/stm32wbxx_hal_rcc_ex.o
 .text.LL_RCC_SetSMPSPrescaler
                0x08002f5c       0x28 ./Drivers/STM32WBxx_HAL_Driver/Src/stm32wbxx_hal_rcc_ex.o
 .text.LL_RCC_SetUSARTClockSource
                0x08002f84       0x2c ./Drivers/STM32WBxx_HAL_Driver/Src/stm32wbxx_hal_rcc_ex.o
 .text.LL_RCC_SetLPUARTClockSource
                0x08002fb0       0x2c ./Drivers/STM32WBxx_HAL_Driver/Src/stm32wbxx_hal_rcc_ex.o
 .text.LL_RCC_SetI2CClockSource
                0x08002fdc       0x3a ./Drivers/STM32WBxx_HAL_Driver/Src/stm32wbxx_hal_rcc_ex.o
 .text.LL_RCC_SetLPTIMClockSource
                0x08003016       0x34 ./Drivers/STM32WBxx_HAL_Driver/Src/stm32wbxx_hal_rcc_ex.o
 .text.LL_RCC_SetSAIClockSource
                0x0800304a       0x2c ./Drivers/STM32WBxx_HAL_Driver/Src/stm32wbxx_hal_rcc_ex.o
 .text.LL_RCC_SetRNGClockSource
                0x08003076       0x2c ./Drivers/STM32WBxx_HAL_Driver/Src/stm32wbxx_hal_rcc_ex.o
 .text.LL_RCC_SetCLK48ClockSource
                0x080030a2       0x2c ./Drivers/STM32WBxx_HAL_Driver/Src/stm32wbxx_hal_rcc_ex.o
 .text.LL_RCC_SetUSBClockSource
                0x080030ce       0x16 ./Drivers/STM32WBxx_HAL_Driver/Src/stm32wbxx_hal_rcc_ex.o
 .text.LL_RCC_SetADCClockSource
                0x080030e4       0x2c ./Drivers/STM32WBxx_HAL_Driver/Src/stm32wbxx_hal_rcc_ex.o
 .text.LL_RCC_SetRTCClockSource
                0x08003110       0x2c ./Drivers/STM32WBxx_HAL_Driver/Src/stm32wbxx_hal_rcc_ex.o
 .text.LL_RCC_GetRTCClockSource
                0x0800313c       0x1a ./Drivers/STM32WBxx_HAL_Driver/Src/stm32wbxx_hal_rcc_ex.o
 .text.LL_RCC_ForceBackupDomainReset
                0x08003156       0x22 ./Drivers/STM32WBxx_HAL_Driver/Src/stm32wbxx_hal_rcc_ex.o
 .text.LL_RCC_ReleaseBackupDomainReset
                0x08003178       0x22 ./Drivers/STM32WBxx_HAL_Driver/Src/stm32wbxx_hal_rcc_ex.o
 .text.LL_RCC_PLLSAI1_Enable
                0x0800319a       0x1e ./Drivers/STM32WBxx_HAL_Driver/Src/stm32wbxx_hal_rcc_ex.o
 .text.LL_RCC_PLLSAI1_Disable
                0x080031b8       0x1e ./Drivers/STM32WBxx_HAL_Driver/Src/stm32wbxx_hal_rcc_ex.o
 .text.LL_RCC_PLLSAI1_IsReady
                0x080031d6       0x24 ./Drivers/STM32WBxx_HAL_Driver/Src/stm32wbxx_hal_rcc_ex.o
 .text.HAL_RCCEx_PeriphCLKConfig
                0x080031fa      0x2ec ./Drivers/STM32WBxx_HAL_Driver/Src/stm32wbxx_hal_rcc_ex.o
                0x080031fa                HAL_RCCEx_PeriphCLKConfig
 .text.RCCEx_PLLSAI1_ConfigNP
                0x080034e6       0xb6 ./Drivers/STM32WBxx_HAL_Driver/Src/stm32wbxx_hal_rcc_ex.o
 .text.RCCEx_PLLSAI1_ConfigNQ
                0x0800359c       0xb6 ./Drivers/STM32WBxx_HAL_Driver/Src/stm32wbxx_hal_rcc_ex.o
 .text.RCCEx_PLLSAI1_ConfigNR
                0x08003652       0xb6 ./Drivers/STM32WBxx_HAL_Driver/Src/stm32wbxx_hal_rcc_ex.o
 .text.HAL_RTC_Init
                0x08003708      0x110 ./Drivers/STM32WBxx_HAL_Driver/Src/stm32wbxx_hal_rtc.o
                0x08003708                HAL_RTC_Init
 .text.HAL_RTC_WaitForSynchro
                0x08003818       0x4c ./Drivers/STM32WBxx_HAL_Driver/Src/stm32wbxx_hal_rtc.o
                0x08003818                HAL_RTC_WaitForSynchro
 .text.RTC_EnterInitMode
                0x08003864       0x70 ./Drivers/STM32WBxx_HAL_Driver/Src/stm32wbxx_hal_rtc.o
                0x08003864                RTC_EnterInitMode
 .text.RTC_ExitInitMode
                0x080038d4       0x4c ./Drivers/STM32WBxx_HAL_Driver/Src/stm32wbxx_hal_rtc.o
                0x080038d4                RTC_ExitInitMode
 .text.HAL_RTCEx_SetWakeUpTimer
                0x08003920      0x14c ./Drivers/STM32WBxx_HAL_Driver/Src/stm32wbxx_hal_rtc_ex.o
                0x08003920                HAL_RTCEx_SetWakeUpTimer
 .text.HAL_SPI_Init
                0x08003a6c      0x146 ./Drivers/STM32WBxx_HAL_Driver/Src/stm32wbxx_hal_spi.o
                0x08003a6c                HAL_SPI_Init
 .text.HAL_SPI_Transmit
                0x08003bb2      0x2ec ./Drivers/STM32WBxx_HAL_Driver/Src/stm32wbxx_hal_spi.o
                0x08003bb2                HAL_SPI_Transmit
 .text.HAL_SPI_TransmitReceive
                0x08003e9e      0x43e ./Drivers/STM32WBxx_HAL_Driver/Src/stm32wbxx_hal_spi.o
                0x08003e9e                HAL_SPI_TransmitReceive
 .text.SPI_WaitFlagStateUntilTimeout
                0x080042dc      0x110 ./Drivers/STM32WBxx_HAL_Driver/Src/stm32wbxx_hal_spi.o
 .text.SPI_WaitFifoStateUntilTimeout
                0x080043ec      0x12c ./Drivers/STM32WBxx_HAL_Driver/Src/stm32wbxx_hal_spi.o
 .text.SPI_EndRxTxTransaction
                0x08004518       0x8c ./Drivers/STM32WBxx_HAL_Driver/Src/stm32wbxx_hal_spi.o
 .text.memset   0x080045a4       0x10 C:/ST/STM32CubeIDE_1.18.1/STM32CubeIDE/plugins/com.st.stm32cube.ide.mcu.externaltools.gnu-tools-for-stm32.13.3.rel1.win32_1.0.0.202411081344/tools/bin/../lib/gcc/arm-none-eabi/13.3.1/../../../../arm-none-eabi/lib/thumb/v7e-m+fp/hard\libc_nano.a(libc_a-memset.o)
                0x080045a4                memset
 .text.__libc_init_array
                0x080045b4       0x48 C:/ST/STM32CubeIDE_1.18.1/STM32CubeIDE/plugins/com.st.stm32cube.ide.mcu.externaltools.gnu-tools-for-stm32.13.3.rel1.win32_1.0.0.202411081344/tools/bin/../lib/gcc/arm-none-eabi/13.3.1/../../../../arm-none-eabi/lib/thumb/v7e-m+fp/hard\libc_nano.a(libc_a-init.o)
                0x080045b4                __libc_init_array
 .text.memcpy   0x080045fc       0x1c C:/ST/STM32CubeIDE_1.18.1/STM32CubeIDE/plugins/com.st.stm32cube.ide.mcu.externaltools.gnu-tools-for-stm32.13.3.rel1.win32_1.0.0.202411081344/tools/bin/../lib/gcc/arm-none-eabi/13.3.1/../../../../arm-none-eabi/lib/thumb/v7e-m+fp/hard\libc_nano.a(libc_a-memcpy-stub.o)
                0x080045fc                memcpy
 *(.glue_7)
 .glue_7        0x08004618        0x0 linker stubs
 *(.glue_7t)
 .glue_7t       0x08004618        0x0 linker stubs
 *(.eh_frame)
 .eh_frame      0x08004618        0x0 C:/ST/STM32CubeIDE_1.18.1/STM32CubeIDE/plugins/com.st.stm32cube.ide.mcu.externaltools.gnu-tools-for-stm32.13.3.rel1.win32_1.0.0.202411081344/tools/bin/../lib/gcc/arm-none-eabi/13.3.1/thumb/v7e-m+fp/hard/crtbegin.o
 *(.init)
 .init          0x08004618        0x4 C:/ST/STM32CubeIDE_1.18.1/STM32CubeIDE/plugins/com.st.stm32cube.ide.mcu.externaltools.gnu-tools-for-stm32.13.3.rel1.win32_1.0.0.202411081344/tools/bin/../lib/gcc/arm-none-eabi/13.3.1/thumb/v7e-m+fp/hard/crti.o
                0x08004618                _init
 .init          0x0800461c        0x8 C:/ST/STM32CubeIDE_1.18.1/STM32CubeIDE/plugins/com.st.stm32cube.ide.mcu.externaltools.gnu-tools-for-stm32.13.3.rel1.win32_1.0.0.202411081344/tools/bin/../lib/gcc/arm-none-eabi/13.3.1/thumb/v7e-m+fp/hard/crtn.o
 *(.fini)
 .fini          0x08004624        0x4 C:/ST/STM32CubeIDE_1.18.1/STM32CubeIDE/plugins/com.st.stm32cube.ide.mcu.externaltools.gnu-tools-for-stm32.13.3.rel1.win32_1.0.0.202411081344/tools/bin/../lib/gcc/arm-none-eabi/13.3.1/thumb/v7e-m+fp/hard/crti.o
                0x08004624                _fini
 .fini          0x08004628        0x8 C:/ST/STM32CubeIDE_1.18.1/STM32CubeIDE/plugins/com.st.stm32cube.ide.mcu.externaltools.gnu-tools-for-stm32.13.3.rel1.win32_1.0.0.202411081344/tools/bin/../lib/gcc/arm-none-eabi/13.3.1/thumb/v7e-m+fp/hard/crtn.o
                0x08004630                        . = ALIGN (0x4)
                0x08004630                        _etext = .

.vfp11_veneer   0x08004630        0x0
 .vfp11_veneer  0x08004630        0x0 linker stubs

.v4_bx          0x08004630        0x0
 .v4_bx         0x08004630        0x0 linker stubs

.iplt           0x08004630        0x0
 .iplt          0x08004630        0x0 C:/ST/STM32CubeIDE_1.18.1/STM32CubeIDE/plugins/com.st.stm32cube.ide.mcu.externaltools.gnu-tools-for-stm32.13.3.rel1.win32_1.0.0.202411081344/tools/bin/../lib/gcc/arm-none-eabi/13.3.1/thumb/v7e-m+fp/hard/crtbegin.o

.rodata         0x08004630       0xac
                0x08004630                        . = ALIGN (0x4)
 *(.rodata)
 .rodata        0x08004630       0x2c ./Drivers/STM32WBxx_HAL_Driver/Src/stm32wbxx_hal_rcc.o
 *(.rodata*)
 .rodata.AHBPrescTable
                0x0800465c       0x40 ./Core/Src/system_stm32wbxx.o
                0x0800465c                AHBPrescTable
 .rodata.MSIRangeTable
                0x0800469c       0x40 ./Core/Src/system_stm32wbxx.o
                0x0800469c                MSIRangeTable
                0x080046dc                        . = ALIGN (0x4)

.ARM.extab
 *(.ARM.extab* .gnu.linkonce.armextab.*)

.ARM            0x080046dc        0x0
                0x080046dc                        __exidx_start = .
 *(.ARM.exidx*)
                0x080046dc                        __exidx_end = .

.preinit_array  0x080046dc        0x0
                0x080046dc                        PROVIDE (__preinit_array_start = .)
 *(.preinit_array*)
                0x080046dc                        PROVIDE (__preinit_array_end = .)

.init_array     0x080046dc        0x4
                0x080046dc                        PROVIDE (__init_array_start = .)
 *(SORT_BY_NAME(.init_array.*))
 *(.init_array*)
 .init_array    0x080046dc        0x4 C:/ST/STM32CubeIDE_1.18.1/STM32CubeIDE/plugins/com.st.stm32cube.ide.mcu.externaltools.gnu-tools-for-stm32.13.3.rel1.win32_1.0.0.202411081344/tools/bin/../lib/gcc/arm-none-eabi/13.3.1/thumb/v7e-m+fp/hard/crtbegin.o
                0x080046e0                        PROVIDE (__init_array_end = .)

.fini_array     0x080046e0        0x4
                [!provide]                        PROVIDE (__fini_array_start = .)
 *(SORT_BY_NAME(.fini_array.*))
 *(.fini_array*)
 .fini_array    0x080046e0        0x4 C:/ST/STM32CubeIDE_1.18.1/STM32CubeIDE/plugins/com.st.stm32cube.ide.mcu.externaltools.gnu-tools-for-stm32.13.3.rel1.win32_1.0.0.202411081344/tools/bin/../lib/gcc/arm-none-eabi/13.3.1/thumb/v7e-m+fp/hard/crtbegin.o
                [!provide]                        PROVIDE (__fini_array_end = .)
                0x080046e4                        _sidata = LOADADDR (.data)

.rel.dyn        0x080046e4        0x0
 .rel.iplt      0x080046e4        0x0 C:/ST/STM32CubeIDE_1.18.1/STM32CubeIDE/plugins/com.st.stm32cube.ide.mcu.externaltools.gnu-tools-for-stm32.13.3.rel1.win32_1.0.0.202411081344/tools/bin/../lib/gcc/arm-none-eabi/13.3.1/thumb/v7e-m+fp/hard/crtbegin.o

.data           0x20000008       0x14 load address 0x080046e4
                0x20000008                        . = ALIGN (0x4)
                0x20000008                        _sdata = .
 *(.data)
 *(.data*)
 .data.DataBuffer
                0x20000008        0x8 ./Core/Src/main.o
                0x20000008                DataBuffer
 .data.SystemCoreClock
                0x20000010        0x4 ./Core/Src/system_stm32wbxx.o
                0x20000010                SystemCoreClock
 .data.uwTickPrio
                0x20000014        0x4 ./Drivers/STM32WBxx_HAL_Driver/Src/stm32wbxx_hal.o
                0x20000014                uwTickPrio
 .data.uwTickFreq
                0x20000018        0x1 ./Drivers/STM32WBxx_HAL_Driver/Src/stm32wbxx_hal.o
                0x20000018                uwTickFreq
 *(.RamFunc)
 *(.RamFunc*)
                0x2000001c                        . = ALIGN (0x4)
 *fill*         0x20000019        0x3 
                0x2000001c                        _edata = .

.igot.plt       0x2000001c        0x0 load address 0x080046f8
 .igot.plt      0x2000001c        0x0 C:/ST/STM32CubeIDE_1.18.1/STM32CubeIDE/plugins/com.st.stm32cube.ide.mcu.externaltools.gnu-tools-for-stm32.13.3.rel1.win32_1.0.0.202411081344/tools/bin/../lib/gcc/arm-none-eabi/13.3.1/thumb/v7e-m+fp/hard/crtbegin.o
                0x2000001c                        . = ALIGN (0x4)

.bss            0x2000001c      0x1cc load address 0x080046f8
                0x2000001c                        _sbss = .
                0x2000001c                        __bss_start__ = _sbss
 *(.bss)
 .bss           0x2000001c       0x1c C:/ST/STM32CubeIDE_1.18.1/STM32CubeIDE/plugins/com.st.stm32cube.ide.mcu.externaltools.gnu-tools-for-stm32.13.3.rel1.win32_1.0.0.202411081344/tools/bin/../lib/gcc/arm-none-eabi/13.3.1/thumb/v7e-m+fp/hard/crtbegin.o
 *(.bss*)
 .bss.hipcc     0x20000038       0x3c ./Core/Src/main.o
                0x20000038                hipcc
 .bss.hrtc      0x20000074       0x24 ./Core/Src/main.o
                0x20000074                hrtc
 .bss.hspi1     0x20000098       0x64 ./Core/Src/main.o
                0x20000098                hspi1
 .bss.hdma_spi1_rx
                0x200000fc       0x60 ./Core/Src/main.o
                0x200000fc                hdma_spi1_rx
 .bss.hdma_spi1_tx
                0x2000015c       0x60 ./Core/Src/main.o
                0x2000015c                hdma_spi1_tx
 .bss.MCP2515_Handle
                0x200001bc       0x24 ./Core/Src/main.o
                0x200001bc                MCP2515_Handle
 .bss.register_value_temp
                0x200001e0        0x2 ./Drivers/MCP2515_Driver/mcp2515_driver.o
 *fill*         0x200001e2        0x2 
 .bss.uwTick    0x200001e4        0x4 ./Drivers/STM32WBxx_HAL_Driver/Src/stm32wbxx_hal.o
                0x200001e4                uwTick
 *(COMMON)
                0x200001e8                        . = ALIGN (0x4)
                0x200001e8                        _ebss = .
                0x200001e8                        __bss_end__ = _ebss

._user_heap_stack
                0x200001e8      0x600 load address 0x080046f8
                0x200001e8                        . = ALIGN (0x8)
                [!provide]                        PROVIDE (end = .)
                0x200001e8                        PROVIDE (_end = .)
                0x200003e8                        . = (. + _Min_Heap_Size)
 *fill*         0x200001e8      0x200 
                0x200007e8                        . = (. + _Min_Stack_Size)
 *fill*         0x200003e8      0x400 
                0x200007e8                        . = ALIGN (0x8)

/DISCARD/
 libc.a(*)
 libm.a(*)
 libgcc.a(*)

.ARM.attributes
                0x00000000       0x30
 *(.ARM.attributes)
 .ARM.attributes
                0x00000000       0x22 C:/ST/STM32CubeIDE_1.18.1/STM32CubeIDE/plugins/com.st.stm32cube.ide.mcu.externaltools.gnu-tools-for-stm32.13.3.rel1.win32_1.0.0.202411081344/tools/bin/../lib/gcc/arm-none-eabi/13.3.1/thumb/v7e-m+fp/hard/crti.o
 .ARM.attributes
                0x00000022       0x34 C:/ST/STM32CubeIDE_1.18.1/STM32CubeIDE/plugins/com.st.stm32cube.ide.mcu.externaltools.gnu-tools-for-stm32.13.3.rel1.win32_1.0.0.202411081344/tools/bin/../lib/gcc/arm-none-eabi/13.3.1/thumb/v7e-m+fp/hard/crtbegin.o
 .ARM.attributes
                0x00000056       0x34 ./Core/Src/main.o
 .ARM.attributes
                0x0000008a       0x34 ./Core/Src/stm32wbxx_hal_msp.o
 .ARM.attributes
                0x000000be       0x34 ./Core/Src/stm32wbxx_it.o
 .ARM.attributes
                0x000000f2       0x34 ./Core/Src/system_stm32wbxx.o
 .ARM.attributes
                0x00000126       0x21 ./Core/Startup/startup_stm32wb5mmghx.o
 .ARM.attributes
                0x00000147       0x34 ./Drivers/MCP2515_Driver/mcp2515_driver.o
 .ARM.attributes
                0x0000017b       0x34 ./Drivers/STM32WBxx_HAL_Driver/Src/stm32wbxx_hal.o
 .ARM.attributes
                0x000001af       0x34 ./Drivers/STM32WBxx_HAL_Driver/Src/stm32wbxx_hal_cortex.o
 .ARM.attributes
                0x000001e3       0x34 ./Drivers/STM32WBxx_HAL_Driver/Src/stm32wbxx_hal_dma.o
 .ARM.attributes
                0x00000217       0x34 ./Drivers/STM32WBxx_HAL_Driver/Src/stm32wbxx_hal_gpio.o
 .ARM.attributes
                0x0000024b       0x34 ./Drivers/STM32WBxx_HAL_Driver/Src/stm32wbxx_hal_hsem.o
 .ARM.attributes
                0x0000027f       0x34 ./Drivers/STM32WBxx_HAL_Driver/Src/stm32wbxx_hal_ipcc.o
 .ARM.attributes
                0x000002b3       0x34 ./Drivers/STM32WBxx_HAL_Driver/Src/stm32wbxx_hal_pwr.o
 .ARM.attributes
                0x000002e7       0x34 ./Drivers/STM32WBxx_HAL_Driver/Src/stm32wbxx_hal_pwr_ex.o
 .ARM.attributes
                0x0000031b       0x34 ./Drivers/STM32WBxx_HAL_Driver/Src/stm32wbxx_hal_rcc.o
 .ARM.attributes
                0x0000034f       0x34 ./Drivers/STM32WBxx_HAL_Driver/Src/stm32wbxx_hal_rcc_ex.o
 .ARM.attributes
                0x00000383       0x34 ./Drivers/STM32WBxx_HAL_Driver/Src/stm32wbxx_hal_rtc.o
 .ARM.attributes
                0x000003b7       0x34 ./Drivers/STM32WBxx_HAL_Driver/Src/stm32wbxx_hal_rtc_ex.o
 .ARM.attributes
                0x000003eb       0x34 ./Drivers/STM32WBxx_HAL_Driver/Src/stm32wbxx_hal_spi.o
 .ARM.attributes
                0x0000041f       0x34 C:/ST/STM32CubeIDE_1.18.1/STM32CubeIDE/plugins/com.st.stm32cube.ide.mcu.externaltools.gnu-tools-for-stm32.13.3.rel1.win32_1.0.0.202411081344/tools/bin/../lib/gcc/arm-none-eabi/13.3.1/../../../../arm-none-eabi/lib/thumb/v7e-m+fp/hard\libc_nano.a(libc_a-memset.o)
 .ARM.attributes
                0x00000453       0x34 C:/ST/STM32CubeIDE_1.18.1/STM32CubeIDE/plugins/com.st.stm32cube.ide.mcu.externaltools.gnu-tools-for-stm32.13.3.rel1.win32_1.0.0.202411081344/tools/bin/../lib/gcc/arm-none-eabi/13.3.1/../../../../arm-none-eabi/lib/thumb/v7e-m+fp/hard\libc_nano.a(libc_a-init.o)
 .ARM.attributes
                0x00000487       0x34 C:/ST/STM32CubeIDE_1.18.1/STM32CubeIDE/plugins/com.st.stm32cube.ide.mcu.externaltools.gnu-tools-for-stm32.13.3.rel1.win32_1.0.0.202411081344/tools/bin/../lib/gcc/arm-none-eabi/13.3.1/../../../../arm-none-eabi/lib/thumb/v7e-m+fp/hard\libc_nano.a(libc_a-memcpy-stub.o)
 .ARM.attributes
                0x000004bb       0x22 C:/ST/STM32CubeIDE_1.18.1/STM32CubeIDE/plugins/com.st.stm32cube.ide.mcu.externaltools.gnu-tools-for-stm32.13.3.rel1.win32_1.0.0.202411081344/tools/bin/../lib/gcc/arm-none-eabi/13.3.1/thumb/v7e-m+fp/hard/crtn.o

MAPPING_TABLE
 *(MAPPING_TABLE)

MB_MEM1
 *(MB_MEM1)
                0x080046f8                        _siMB_MEM2 = LOADADDR (.MB_MEM2)

.MB_MEM2        0x20030000        0x0 load address 0x080046f8
                0x20030000                        _sMB_MEM2 = .
 *(MB_MEM2)
                0x20030000                        _eMB_MEM2 = .
OUTPUT(022MOTOHUD_TXer_GAPCENTRAL_GATTSERVER.elf elf32-littlearm)
LOAD linker stubs
LOAD C:/ST/STM32CubeIDE_1.18.1/STM32CubeIDE/plugins/com.st.stm32cube.ide.mcu.externaltools.gnu-tools-for-stm32.13.3.rel1.win32_1.0.0.202411081344/tools/bin/../lib/gcc/arm-none-eabi/13.3.1/../../../../arm-none-eabi/lib/thumb/v7e-m+fp/hard\libc.a
LOAD C:/ST/STM32CubeIDE_1.18.1/STM32CubeIDE/plugins/com.st.stm32cube.ide.mcu.externaltools.gnu-tools-for-stm32.13.3.rel1.win32_1.0.0.202411081344/tools/bin/../lib/gcc/arm-none-eabi/13.3.1/../../../../arm-none-eabi/lib/thumb/v7e-m+fp/hard\libm.a
LOAD C:/ST/STM32CubeIDE_1.18.1/STM32CubeIDE/plugins/com.st.stm32cube.ide.mcu.externaltools.gnu-tools-for-stm32.13.3.rel1.win32_1.0.0.202411081344/tools/bin/../lib/gcc/arm-none-eabi/13.3.1/thumb/v7e-m+fp/hard\libgcc.a

.debug_info     0x00000000    0x1068a
 .debug_info    0x00000000     0x1bcd ./Core/Src/main.o
 .debug_info    0x00001bcd     0x1642 ./Core/Src/stm32wbxx_hal_msp.o
 .debug_info    0x0000320f      0x4b9 ./Core/Src/stm32wbxx_it.o
 .debug_info    0x000036c8      0x703 ./Core/Src/system_stm32wbxx.o
 .debug_info    0x00003dcb       0x30 ./Core/Startup/startup_stm32wb5mmghx.o
 .debug_info    0x00003dfb     0x10c0 ./Drivers/MCP2515_Driver/mcp2515_driver.o
 .debug_info    0x00004ebb     0x12ae ./Drivers/STM32WBxx_HAL_Driver/Src/stm32wbxx_hal.o
 .debug_info    0x00006169      0xccd ./Drivers/STM32WBxx_HAL_Driver/Src/stm32wbxx_hal_cortex.o
 .debug_info    0x00006e36      0x839 ./Drivers/STM32WBxx_HAL_Driver/Src/stm32wbxx_hal_dma.o
 .debug_info    0x0000766f      0x6a9 ./Drivers/STM32WBxx_HAL_Driver/Src/stm32wbxx_hal_gpio.o
 .debug_info    0x00007d18      0x3bc ./Drivers/STM32WBxx_HAL_Driver/Src/stm32wbxx_hal_hsem.o
 .debug_info    0x000080d4      0x7a3 ./Drivers/STM32WBxx_HAL_Driver/Src/stm32wbxx_hal_ipcc.o
 .debug_info    0x00008877      0x904 ./Drivers/STM32WBxx_HAL_Driver/Src/stm32wbxx_hal_pwr.o
 .debug_info    0x0000917b     0x105d ./Drivers/STM32WBxx_HAL_Driver/Src/stm32wbxx_hal_pwr_ex.o
 .debug_info    0x0000a1d8     0x14d1 ./Drivers/STM32WBxx_HAL_Driver/Src/stm32wbxx_hal_rcc.o
 .debug_info    0x0000b6a9     0x1c40 ./Drivers/STM32WBxx_HAL_Driver/Src/stm32wbxx_hal_rcc_ex.o
 .debug_info    0x0000d2e9      0xd28 ./Drivers/STM32WBxx_HAL_Driver/Src/stm32wbxx_hal_rtc.o
 .debug_info    0x0000e011     0x1014 ./Drivers/STM32WBxx_HAL_Driver/Src/stm32wbxx_hal_rtc_ex.o
 .debug_info    0x0000f025     0x1665 ./Drivers/STM32WBxx_HAL_Driver/Src/stm32wbxx_hal_spi.o

.debug_abbrev   0x00000000     0x2baf
 .debug_abbrev  0x00000000      0x2f3 ./Core/Src/main.o
 .debug_abbrev  0x000002f3      0x282 ./Core/Src/stm32wbxx_hal_msp.o
 .debug_abbrev  0x00000575      0x180 ./Core/Src/stm32wbxx_it.o
 .debug_abbrev  0x000006f5      0x13b ./Core/Src/system_stm32wbxx.o
 .debug_abbrev  0x00000830       0x24 ./Core/Startup/startup_stm32wb5mmghx.o
 .debug_abbrev  0x00000854      0x2de ./Drivers/MCP2515_Driver/mcp2515_driver.o
 .debug_abbrev  0x00000b32      0x367 ./Drivers/STM32WBxx_HAL_Driver/Src/stm32wbxx_hal.o
 .debug_abbrev  0x00000e99      0x319 ./Drivers/STM32WBxx_HAL_Driver/Src/stm32wbxx_hal_cortex.o
 .debug_abbrev  0x000011b2      0x1e3 ./Drivers/STM32WBxx_HAL_Driver/Src/stm32wbxx_hal_dma.o
 .debug_abbrev  0x00001395      0x1ca ./Drivers/STM32WBxx_HAL_Driver/Src/stm32wbxx_hal_gpio.o
 .debug_abbrev  0x0000155f      0x1e4 ./Drivers/STM32WBxx_HAL_Driver/Src/stm32wbxx_hal_hsem.o
 .debug_abbrev  0x00001743      0x252 ./Drivers/STM32WBxx_HAL_Driver/Src/stm32wbxx_hal_ipcc.o
 .debug_abbrev  0x00001995      0x205 ./Drivers/STM32WBxx_HAL_Driver/Src/stm32wbxx_hal_pwr.o
 .debug_abbrev  0x00001b9a      0x31c ./Drivers/STM32WBxx_HAL_Driver/Src/stm32wbxx_hal_pwr_ex.o
 .debug_abbrev  0x00001eb6      0x31b ./Drivers/STM32WBxx_HAL_Driver/Src/stm32wbxx_hal_rcc.o
 .debug_abbrev  0x000021d1      0x35a ./Drivers/STM32WBxx_HAL_Driver/Src/stm32wbxx_hal_rcc_ex.o
 .debug_abbrev  0x0000252b      0x1f0 ./Drivers/STM32WBxx_HAL_Driver/Src/stm32wbxx_hal_rtc.o
 .debug_abbrev  0x0000271b      0x237 ./Drivers/STM32WBxx_HAL_Driver/Src/stm32wbxx_hal_rtc_ex.o
 .debug_abbrev  0x00002952      0x25d ./Drivers/STM32WBxx_HAL_Driver/Src/stm32wbxx_hal_spi.o

.debug_aranges  0x00000000     0x1578
 .debug_aranges
                0x00000000       0x78 ./Core/Src/main.o
 .debug_aranges
                0x00000078       0x98 ./Core/Src/stm32wbxx_hal_msp.o
 .debug_aranges
                0x00000110       0x80 ./Core/Src/stm32wbxx_it.o
 .debug_aranges
                0x00000190       0x28 ./Core/Src/system_stm32wbxx.o
 .debug_aranges
                0x000001b8       0x30 ./Core/Startup/startup_stm32wb5mmghx.o
 .debug_aranges
                0x000001e8       0xa0 ./Drivers/MCP2515_Driver/mcp2515_driver.o
 .debug_aranges
                0x00000288      0x280 ./Drivers/STM32WBxx_HAL_Driver/Src/stm32wbxx_hal.o
 .debug_aranges
                0x00000508      0x118 ./Drivers/STM32WBxx_HAL_Driver/Src/stm32wbxx_hal_cortex.o
 .debug_aranges
                0x00000620       0x90 ./Drivers/STM32WBxx_HAL_Driver/Src/stm32wbxx_hal_dma.o
 .debug_aranges
                0x000006b0       0x60 ./Drivers/STM32WBxx_HAL_Driver/Src/stm32wbxx_hal_gpio.o
 .debug_aranges
                0x00000710       0x70 ./Drivers/STM32WBxx_HAL_Driver/Src/stm32wbxx_hal_hsem.o
 .debug_aranges
                0x00000780       0xa0 ./Drivers/STM32WBxx_HAL_Driver/Src/stm32wbxx_hal_ipcc.o
 .debug_aranges
                0x00000820       0xd0 ./Drivers/STM32WBxx_HAL_Driver/Src/stm32wbxx_hal_pwr.o
 .debug_aranges
                0x000008f0      0x288 ./Drivers/STM32WBxx_HAL_Driver/Src/stm32wbxx_hal_pwr_ex.o
 .debug_aranges
                0x00000b78      0x270 ./Drivers/STM32WBxx_HAL_Driver/Src/stm32wbxx_hal_rcc.o
 .debug_aranges
                0x00000de8      0x390 ./Drivers/STM32WBxx_HAL_Driver/Src/stm32wbxx_hal_rcc_ex.o
 .debug_aranges
                0x00001178       0xe8 ./Drivers/STM32WBxx_HAL_Driver/Src/stm32wbxx_hal_rtc.o
 .debug_aranges
                0x00001260      0x140 ./Drivers/STM32WBxx_HAL_Driver/Src/stm32wbxx_hal_rtc_ex.o
 .debug_aranges
                0x000013a0      0x1d8 ./Drivers/STM32WBxx_HAL_Driver/Src/stm32wbxx_hal_spi.o

.debug_rnglists
                0x00000000     0x1033
 .debug_rnglists
                0x00000000       0x57 ./Core/Src/main.o
 .debug_rnglists
                0x00000057       0x6e ./Core/Src/stm32wbxx_hal_msp.o
 .debug_rnglists
                0x000000c5       0x5b ./Core/Src/stm32wbxx_it.o
 .debug_rnglists
                0x00000120       0x1b ./Core/Src/system_stm32wbxx.o
 .debug_rnglists
                0x0000013b       0x1f ./Core/Startup/startup_stm32wb5mmghx.o
 .debug_rnglists
                0x0000015a       0x7d ./Drivers/MCP2515_Driver/mcp2515_driver.o
 .debug_rnglists
                0x000001d7      0x1db ./Drivers/STM32WBxx_HAL_Driver/Src/stm32wbxx_hal.o
 .debug_rnglists
                0x000003b2       0xce ./Drivers/STM32WBxx_HAL_Driver/Src/stm32wbxx_hal_cortex.o
 .debug_rnglists
                0x00000480       0x71 ./Drivers/STM32WBxx_HAL_Driver/Src/stm32wbxx_hal_dma.o
 .debug_rnglists
                0x000004f1       0x45 ./Drivers/STM32WBxx_HAL_Driver/Src/stm32wbxx_hal_gpio.o
 .debug_rnglists
                0x00000536       0x4f ./Drivers/STM32WBxx_HAL_Driver/Src/stm32wbxx_hal_hsem.o
 .debug_rnglists
                0x00000585       0x78 ./Drivers/STM32WBxx_HAL_Driver/Src/stm32wbxx_hal_ipcc.o
 .debug_rnglists
                0x000005fd       0x99 ./Drivers/STM32WBxx_HAL_Driver/Src/stm32wbxx_hal_pwr.o
 .debug_rnglists
                0x00000696      0x1e8 ./Drivers/STM32WBxx_HAL_Driver/Src/stm32wbxx_hal_pwr_ex.o
 .debug_rnglists
                0x0000087e      0x1d6 ./Drivers/STM32WBxx_HAL_Driver/Src/stm32wbxx_hal_rcc.o
 .debug_rnglists
                0x00000a54      0x2b6 ./Drivers/STM32WBxx_HAL_Driver/Src/stm32wbxx_hal_rcc_ex.o
 .debug_rnglists
                0x00000d0a       0xb4 ./Drivers/STM32WBxx_HAL_Driver/Src/stm32wbxx_hal_rtc.o
 .debug_rnglists
                0x00000dbe       0xfd ./Drivers/STM32WBxx_HAL_Driver/Src/stm32wbxx_hal_rtc_ex.o
 .debug_rnglists
                0x00000ebb      0x178 ./Drivers/STM32WBxx_HAL_Driver/Src/stm32wbxx_hal_spi.o

.debug_macro    0x00000000    0x227bc
 .debug_macro   0x00000000      0x328 ./Core/Src/main.o
 .debug_macro   0x00000328      0xad8 ./Core/Src/main.o
 .debug_macro   0x00000e00      0x13c ./Core/Src/main.o
 .debug_macro   0x00000f3c       0x2e ./Core/Src/main.o
 .debug_macro   0x00000f6a       0x2e ./Core/Src/main.o
 .debug_macro   0x00000f98       0x22 ./Core/Src/main.o
 .debug_macro   0x00000fba       0x8e ./Core/Src/main.o
 .debug_macro   0x00001048       0x51 ./Core/Src/main.o
 .debug_macro   0x00001099      0x103 ./Core/Src/main.o
 .debug_macro   0x0000119c       0x6a ./Core/Src/main.o
 .debug_macro   0x00001206      0x1df ./Core/Src/main.o
 .debug_macro   0x000013e5       0x1c ./Core/Src/main.o
 .debug_macro   0x00001401       0x22 ./Core/Src/main.o
 .debug_macro   0x00001423       0xfb ./Core/Src/main.o
 .debug_macro   0x0000151e     0x1011 ./Core/Src/main.o
 .debug_macro   0x0000252f      0x11f ./Core/Src/main.o
 .debug_macro   0x0000264e    0x12adb ./Core/Src/main.o
 .debug_macro   0x00015129       0x6c ./Core/Src/main.o
 .debug_macro   0x00015195     0x350b ./Core/Src/main.o
 .debug_macro   0x000186a0      0x190 ./Core/Src/main.o
 .debug_macro   0x00018830       0x5c ./Core/Src/main.o
 .debug_macro   0x0001888c      0x3f5 ./Core/Src/main.o
 .debug_macro   0x00018c81      0x286 ./Core/Src/main.o
 .debug_macro   0x00018f07      0x30d ./Core/Src/main.o
 .debug_macro   0x00019214      0x17e ./Core/Src/main.o
 .debug_macro   0x00019392       0x43 ./Core/Src/main.o
 .debug_macro   0x000193d5      0x236 ./Core/Src/main.o
 .debug_macro   0x0001960b      0x24a ./Core/Src/main.o
 .debug_macro   0x00019855      0x57b ./Core/Src/main.o
 .debug_macro   0x00019dd0       0x2e ./Core/Src/main.o
 .debug_macro   0x00019dfe      0x100 ./Core/Src/main.o
 .debug_macro   0x00019efe      0x1ba ./Core/Src/main.o
 .debug_macro   0x0001a0b8      0x1cd ./Core/Src/main.o
 .debug_macro   0x0001a285       0x4a ./Core/Src/main.o
 .debug_macro   0x0001a2cf       0x4a ./Core/Src/main.o
 .debug_macro   0x0001a319      0x381 ./Core/Src/main.o
 .debug_macro   0x0001a69a      0x13d ./Core/Src/main.o
 .debug_macro   0x0001a7d7      0x141 ./Core/Src/main.o
 .debug_macro   0x0001a918      0x4ff ./Core/Src/main.o
 .debug_macro   0x0001ae17      0x874 ./Core/Src/main.o
 .debug_macro   0x0001b68b      0x259 ./Core/Src/main.o
 .debug_macro   0x0001b8e4     0x1bb1 ./Core/Src/main.o
 .debug_macro   0x0001d495       0xe4 ./Core/Src/main.o
 .debug_macro   0x0001d579      0x5e7 ./Core/Src/main.o
 .debug_macro   0x0001db60      0x328 ./Core/Src/main.o
 .debug_macro   0x0001de88      0x493 ./Core/Src/main.o
 .debug_macro   0x0001e31b       0xf2 ./Core/Src/main.o
 .debug_macro   0x0001e40d      0x2fe ./Core/Src/main.o
 .debug_macro   0x0001e70b      0x557 ./Core/Src/main.o
 .debug_macro   0x0001ec62      0x433 ./Core/Src/main.o
 .debug_macro   0x0001f095       0x16 ./Core/Src/main.o
 .debug_macro   0x0001f0ab       0x61 ./Core/Src/main.o
 .debug_macro   0x0001f10c       0x2a ./Core/Src/main.o
 .debug_macro   0x0001f136       0x43 ./Core/Src/main.o
 .debug_macro   0x0001f179       0x34 ./Core/Src/main.o
 .debug_macro   0x0001f1ad      0x370 ./Core/Src/main.o
 .debug_macro   0x0001f51d       0x16 ./Core/Src/main.o
 .debug_macro   0x0001f533       0x4a ./Core/Src/main.o
 .debug_macro   0x0001f57d       0x34 ./Core/Src/main.o
 .debug_macro   0x0001f5b1       0x10 ./Core/Src/main.o
 .debug_macro   0x0001f5c1       0x58 ./Core/Src/main.o
 .debug_macro   0x0001f619       0x8e ./Core/Src/main.o
 .debug_macro   0x0001f6a7       0x1c ./Core/Src/main.o
 .debug_macro   0x0001f6c3      0x185 ./Core/Src/main.o
 .debug_macro   0x0001f848       0x10 ./Core/Src/main.o
 .debug_macro   0x0001f858       0x3c ./Core/Src/main.o
 .debug_macro   0x0001f894       0x20 ./Core/Src/main.o
 .debug_macro   0x0001f8b4      0x620 ./Core/Src/main.o
 .debug_macro   0x0001fed4      0x24b ./Core/Src/stm32wbxx_hal_msp.o
 .debug_macro   0x0002011f      0x255 ./Core/Src/stm32wbxx_it.o
 .debug_macro   0x00020374      0x23c ./Core/Src/system_stm32wbxx.o
 .debug_macro   0x000205b0      0x319 ./Drivers/MCP2515_Driver/mcp2515_driver.o
 .debug_macro   0x000208c9       0x56 ./Drivers/MCP2515_Driver/mcp2515_driver.o
 .debug_macro   0x0002091f      0x260 ./Drivers/STM32WBxx_HAL_Driver/Src/stm32wbxx_hal.o
 .debug_macro   0x00020b7f      0x23c ./Drivers/STM32WBxx_HAL_Driver/Src/stm32wbxx_hal_cortex.o
 .debug_macro   0x00020dbb      0x23c ./Drivers/STM32WBxx_HAL_Driver/Src/stm32wbxx_hal_dma.o
 .debug_macro   0x00020ff7      0x243 ./Drivers/STM32WBxx_HAL_Driver/Src/stm32wbxx_hal_gpio.o
 .debug_macro   0x0002123a      0x23c ./Drivers/STM32WBxx_HAL_Driver/Src/stm32wbxx_hal_hsem.o
 .debug_macro   0x00021476      0x24e ./Drivers/STM32WBxx_HAL_Driver/Src/stm32wbxx_hal_ipcc.o
 .debug_macro   0x000216c4      0x2ae ./Drivers/STM32WBxx_HAL_Driver/Src/stm32wbxx_hal_pwr.o
 .debug_macro   0x00021972      0x24e ./Drivers/STM32WBxx_HAL_Driver/Src/stm32wbxx_hal_pwr_ex.o
 .debug_macro   0x00021bc0      0x2ae ./Drivers/STM32WBxx_HAL_Driver/Src/stm32wbxx_hal_rcc.o
 .debug_macro   0x00021e6e      0x291 ./Drivers/STM32WBxx_HAL_Driver/Src/stm32wbxx_hal_rcc_ex.o
 .debug_macro   0x000220ff      0x23d ./Drivers/STM32WBxx_HAL_Driver/Src/stm32wbxx_hal_rtc.o
 .debug_macro   0x0002233c      0x23c ./Drivers/STM32WBxx_HAL_Driver/Src/stm32wbxx_hal_rtc_ex.o
 .debug_macro   0x00022578      0x244 ./Drivers/STM32WBxx_HAL_Driver/Src/stm32wbxx_hal_spi.o

.debug_line     0x00000000    0x12695
 .debug_line    0x00000000      0xc55 ./Core/Src/main.o
 .debug_line    0x00000c55      0xa61 ./Core/Src/stm32wbxx_hal_msp.o
 .debug_line    0x000016b6      0x92f ./Core/Src/stm32wbxx_it.o
 .debug_line    0x00001fe5      0x8d8 ./Core/Src/system_stm32wbxx.o
 .debug_line    0x000028bd       0x83 ./Core/Startup/startup_stm32wb5mmghx.o
 .debug_line    0x00002940      0xe1f ./Drivers/MCP2515_Driver/mcp2515_driver.o
 .debug_line    0x0000375f     0x109b ./Drivers/STM32WBxx_HAL_Driver/Src/stm32wbxx_hal.o
 .debug_line    0x000047fa      0xd85 ./Drivers/STM32WBxx_HAL_Driver/Src/stm32wbxx_hal_cortex.o
 .debug_line    0x0000557f      0xf70 ./Drivers/STM32WBxx_HAL_Driver/Src/stm32wbxx_hal_dma.o
 .debug_line    0x000064ef      0xc4b ./Drivers/STM32WBxx_HAL_Driver/Src/stm32wbxx_hal_gpio.o
 .debug_line    0x0000713a      0x98f ./Drivers/STM32WBxx_HAL_Driver/Src/stm32wbxx_hal_hsem.o
 .debug_line    0x00007ac9      0xbaf ./Drivers/STM32WBxx_HAL_Driver/Src/stm32wbxx_hal_ipcc.o
 .debug_line    0x00008678      0xac2 ./Drivers/STM32WBxx_HAL_Driver/Src/stm32wbxx_hal_pwr.o
 .debug_line    0x0000913a     0x11c4 ./Drivers/STM32WBxx_HAL_Driver/Src/stm32wbxx_hal_pwr_ex.o
 .debug_line    0x0000a2fe     0x1b39 ./Drivers/STM32WBxx_HAL_Driver/Src/stm32wbxx_hal_rcc.o
 .debug_line    0x0000be37     0x1ff5 ./Drivers/STM32WBxx_HAL_Driver/Src/stm32wbxx_hal_rcc_ex.o
 .debug_line    0x0000de2c     0x124e ./Drivers/STM32WBxx_HAL_Driver/Src/stm32wbxx_hal_rtc.o
 .debug_line    0x0000f07a     0x1510 ./Drivers/STM32WBxx_HAL_Driver/Src/stm32wbxx_hal_rtc_ex.o
 .debug_line    0x0001058a     0x210b ./Drivers/STM32WBxx_HAL_Driver/Src/stm32wbxx_hal_spi.o

.debug_str      0x00000000    0xdacfe
 .debug_str     0x00000000    0xdacfe ./Core/Src/main.o
                              0xd6613 (size before relaxing)
 .debug_str     0x000dacfe    0xd19c6 ./Core/Src/stm32wbxx_hal_msp.o
 .debug_str     0x000dacfe    0xd0b70 ./Core/Src/stm32wbxx_it.o
 .debug_str     0x000dacfe    0xd0a09 ./Core/Src/system_stm32wbxx.o
 .debug_str     0x000dacfe       0xa4 ./Core/Startup/startup_stm32wb5mmghx.o
 .debug_str     0x000dacfe    0xd5c96 ./Drivers/MCP2515_Driver/mcp2515_driver.o
 .debug_str     0x000dacfe    0xd18ef ./Drivers/STM32WBxx_HAL_Driver/Src/stm32wbxx_hal.o
 .debug_str     0x000dacfe    0xd10a7 ./Drivers/STM32WBxx_HAL_Driver/Src/stm32wbxx_hal_cortex.o
 .debug_str     0x000dacfe    0xd0cd1 ./Drivers/STM32WBxx_HAL_Driver/Src/stm32wbxx_hal_dma.o
 .debug_str     0x000dacfe    0xd09e3 ./Drivers/STM32WBxx_HAL_Driver/Src/stm32wbxx_hal_gpio.o
 .debug_str     0x000dacfe    0xd08bf ./Drivers/STM32WBxx_HAL_Driver/Src/stm32wbxx_hal_hsem.o
 .debug_str     0x000dacfe    0xd0b18 ./Drivers/STM32WBxx_HAL_Driver/Src/stm32wbxx_hal_ipcc.o
 .debug_str     0x000dacfe    0xd0e79 ./Drivers/STM32WBxx_HAL_Driver/Src/stm32wbxx_hal_pwr.o
 .debug_str     0x000dacfe    0xd137a ./Drivers/STM32WBxx_HAL_Driver/Src/stm32wbxx_hal_pwr_ex.o
 .debug_str     0x000dacfe    0xd1867 ./Drivers/STM32WBxx_HAL_Driver/Src/stm32wbxx_hal_rcc.o
 .debug_str     0x000dacfe    0xd1c90 ./Drivers/STM32WBxx_HAL_Driver/Src/stm32wbxx_hal_rcc_ex.o
 .debug_str     0x000dacfe    0xd0dbd ./Drivers/STM32WBxx_HAL_Driver/Src/stm32wbxx_hal_rtc.o
 .debug_str     0x000dacfe    0xd10db ./Drivers/STM32WBxx_HAL_Driver/Src/stm32wbxx_hal_rtc_ex.o
 .debug_str     0x000dacfe    0xd1240 ./Drivers/STM32WBxx_HAL_Driver/Src/stm32wbxx_hal_spi.o

.comment        0x00000000       0x43
 .comment       0x00000000       0x43 ./Core/Src/main.o
                                 0x44 (size before relaxing)
 .comment       0x00000043       0x44 ./Core/Src/stm32wbxx_hal_msp.o
 .comment       0x00000043       0x44 ./Core/Src/stm32wbxx_it.o
 .comment       0x00000043       0x44 ./Core/Src/system_stm32wbxx.o
 .comment       0x00000043       0x44 ./Drivers/MCP2515_Driver/mcp2515_driver.o
 .comment       0x00000043       0x44 ./Drivers/STM32WBxx_HAL_Driver/Src/stm32wbxx_hal.o
 .comment       0x00000043       0x44 ./Drivers/STM32WBxx_HAL_Driver/Src/stm32wbxx_hal_cortex.o
 .comment       0x00000043       0x44 ./Drivers/STM32WBxx_HAL_Driver/Src/stm32wbxx_hal_dma.o
 .comment       0x00000043       0x44 ./Drivers/STM32WBxx_HAL_Driver/Src/stm32wbxx_hal_gpio.o
 .comment       0x00000043       0x44 ./Drivers/STM32WBxx_HAL_Driver/Src/stm32wbxx_hal_hsem.o
 .comment       0x00000043       0x44 ./Drivers/STM32WBxx_HAL_Driver/Src/stm32wbxx_hal_ipcc.o
 .comment       0x00000043       0x44 ./Drivers/STM32WBxx_HAL_Driver/Src/stm32wbxx_hal_pwr.o
 .comment       0x00000043       0x44 ./Drivers/STM32WBxx_HAL_Driver/Src/stm32wbxx_hal_pwr_ex.o
 .comment       0x00000043       0x44 ./Drivers/STM32WBxx_HAL_Driver/Src/stm32wbxx_hal_rcc.o
 .comment       0x00000043       0x44 ./Drivers/STM32WBxx_HAL_Driver/Src/stm32wbxx_hal_rcc_ex.o
 .comment       0x00000043       0x44 ./Drivers/STM32WBxx_HAL_Driver/Src/stm32wbxx_hal_rtc.o
 .comment       0x00000043       0x44 ./Drivers/STM32WBxx_HAL_Driver/Src/stm32wbxx_hal_rtc_ex.o
 .comment       0x00000043       0x44 ./Drivers/STM32WBxx_HAL_Driver/Src/stm32wbxx_hal_spi.o

.debug_frame    0x00000000     0x5950
 .debug_frame   0x00000000      0x18c ./Core/Src/main.o
 .debug_frame   0x0000018c      0x25c ./Core/Src/stm32wbxx_hal_msp.o
 .debug_frame   0x000003e8      0x178 ./Core/Src/stm32wbxx_it.o
 .debug_frame   0x00000560       0x58 ./Core/Src/system_stm32wbxx.o
 .debug_frame   0x000005b8      0x2c0 ./Drivers/MCP2515_Driver/mcp2515_driver.o
 .debug_frame   0x00000878      0xa34 ./Drivers/STM32WBxx_HAL_Driver/Src/stm32wbxx_hal.o
 .debug_frame   0x000012ac      0x49c ./Drivers/STM32WBxx_HAL_Driver/Src/stm32wbxx_hal_cortex.o
 .debug_frame   0x00001748      0x24c ./Drivers/STM32WBxx_HAL_Driver/Src/stm32wbxx_hal_dma.o
 .debug_frame   0x00001994      0x178 ./Drivers/STM32WBxx_HAL_Driver/Src/stm32wbxx_hal_gpio.o
 .debug_frame   0x00001b0c      0x1bc ./Drivers/STM32WBxx_HAL_Driver/Src/stm32wbxx_hal_hsem.o
 .debug_frame   0x00001cc8      0x29c ./Drivers/STM32WBxx_HAL_Driver/Src/stm32wbxx_hal_ipcc.o
 .debug_frame   0x00001f64      0x344 ./Drivers/STM32WBxx_HAL_Driver/Src/stm32wbxx_hal_pwr.o
 .debug_frame   0x000022a8      0xb00 ./Drivers/STM32WBxx_HAL_Driver/Src/stm32wbxx_hal_pwr_ex.o
 .debug_frame   0x00002da8      0xa0c ./Drivers/STM32WBxx_HAL_Driver/Src/stm32wbxx_hal_rcc.o
 .debug_frame   0x000037b4      0xf38 ./Drivers/STM32WBxx_HAL_Driver/Src/stm32wbxx_hal_rcc_ex.o
 .debug_frame   0x000046ec      0x3f4 ./Drivers/STM32WBxx_HAL_Driver/Src/stm32wbxx_hal_rtc.o
 .debug_frame   0x00004ae0      0x59c ./Drivers/STM32WBxx_HAL_Driver/Src/stm32wbxx_hal_rtc_ex.o
 .debug_frame   0x0000507c      0x860 ./Drivers/STM32WBxx_HAL_Driver/Src/stm32wbxx_hal_spi.o
 .debug_frame   0x000058dc       0x20 C:/ST/STM32CubeIDE_1.18.1/STM32CubeIDE/plugins/com.st.stm32cube.ide.mcu.externaltools.gnu-tools-for-stm32.13.3.rel1.win32_1.0.0.202411081344/tools/bin/../lib/gcc/arm-none-eabi/13.3.1/../../../../arm-none-eabi/lib/thumb/v7e-m+fp/hard\libc_nano.a(libc_a-memset.o)
 .debug_frame   0x000058fc       0x2c C:/ST/STM32CubeIDE_1.18.1/STM32CubeIDE/plugins/com.st.stm32cube.ide.mcu.externaltools.gnu-tools-for-stm32.13.3.rel1.win32_1.0.0.202411081344/tools/bin/../lib/gcc/arm-none-eabi/13.3.1/../../../../arm-none-eabi/lib/thumb/v7e-m+fp/hard\libc_nano.a(libc_a-init.o)
 .debug_frame   0x00005928       0x28 C:/ST/STM32CubeIDE_1.18.1/STM32CubeIDE/plugins/com.st.stm32cube.ide.mcu.externaltools.gnu-tools-for-stm32.13.3.rel1.win32_1.0.0.202411081344/tools/bin/../lib/gcc/arm-none-eabi/13.3.1/../../../../arm-none-eabi/lib/thumb/v7e-m+fp/hard\libc_nano.a(libc_a-memcpy-stub.o)

.debug_line_str
                0x00000000       0x88
 .debug_line_str
                0x00000000       0x88 ./Core/Startup/startup_stm32wb5mmghx.o
