../Drivers/STM32WBxx_HAL_Driver/Inc/stm32wbxx_ll_rcc.h:1679:22:LL_RCC_LSE_SetDriveCapability	16	static
../Drivers/STM32WBxx_HAL_Driver/Inc/stm32wbxx_ll_bus.h:539:22:LL_AHB2_GRP1_EnableClock	24	static
../Core/Src/main.c:80:5:main	16	static
../Core/Src/main.c:204:6:SystemClock_Config	112	static
../Core/Src/main.c:261:6:PeriphCommonClock_Config	88	static
../Core/Src/main.c:286:13:MX_ADC1_Init	32	static
../Core/Src/main.c:344:13:MX_I2C1_Init	8	static
../Core/Src/main.c:396:13:MX_IPCC_Init	8	static
../Core/Src/main.c:422:13:MX_RF_Init	4	static
../Core/Src/main.c:443:13:MX_RTC_Init	8	static
../Core/Src/main.c:486:6:MX_USART1_UART_Init	8	static
../Core/Src/main.c:534:13:MX_GPIO_Init	32	static
../Core/Src/main.c:575:6:Error_Handler	4	static,ignoring_inline_asm
