../Drivers/STM32WBxx_HAL_Driver/Inc/stm32wbxx_ll_rcc.h:1679:22:LL_RCC_LSE_SetDriveCapability	16	static
../Drivers/STM32WBxx_HAL_Driver/Inc/stm32wbxx_ll_bus.h:539:22:LL_AHB2_GRP1_EnableClock	24	static
../Core/Src/main.c:80:5:main	16	static
../Core/Src/main.c:207:6:SystemClock_Config	112	static
../Core/Src/main.c:264:6:PeriphCommonClock_Config	88	static
../Core/Src/main.c:289:13:MX_ADC1_Init	32	static
../Core/Src/main.c:347:13:MX_I2C1_Init	8	static
../Core/Src/main.c:399:13:MX_IPCC_Init	8	static
../Core/Src/main.c:425:13:MX_RF_Init	4	static
../Core/Src/main.c:446:13:MX_RTC_Init	8	static
../Core/Src/main.c:489:6:MX_USART1_UART_Init	8	static
../Core/Src/main.c:537:13:MX_GPIO_Init	32	static
../Core/Src/main.c:578:6:Error_Handler	4	static,ignoring_inline_asm
