../Drivers/SSD1306_oled/ssd1306_ssd1315.c:92:6:oled_WriteCommand	32	static
../Drivers/SSD1306_oled/ssd1306_ssd1315.c:111:6:oled_WriteData	32	static
../Drivers/SSD1306_oled/ssd1306_ssd1315.c:127:6:oled_init	16	static
../Drivers/SSD1306_oled/ssd1306_ssd1315.c:216:6:oled_DrawPixel	16	static
../Drivers/SSD1306_oled/ssd1306_ssd1315.c:238:6:oled_Fill	16	static
../Drivers/SSD1306_oled/ssd1306_ssd1315.c:247:6:oled_UpdateScreen	8	static
../Drivers/SSD1306_oled/ssd1306_ssd1315.c:259:6:oled_SetDisplayOn	16	static
../Drivers/SSD1306_oled/ssd1306_ssd1315.c:277:6:oled_SetContrast	16	static
../Drivers/SSD1306_oled/ssd1306_ssd1315.c:310:6:oled_drawBMP	40	static
../Drivers/SSD1306_oled/ssd1306_ssd1315.c:471:6:oled_clearGlyphRegion	32	static
../Drivers/SSD1306_oled/ssd1306_ssd1315.c:554:6:oled_RenderGlyph	32	static
../Drivers/SSD1306_oled/ssd1306_ssd1315.c:578:6:oled_ClearGlyph	16	static
